Anita.Roberts
streboR.atinA
ANITA.ROBERTS
anita.Roberts
Anita.Roberts0
Anita.Roberts1
Anita.Roberts2
Anita.Roberts3
Anita.Roberts4
Anita.Roberts5
Anita.Roberts6
Anita.Roberts7
Anita.Roberts8
Anita.Roberts9
Anita.Roberts00
Anita.Roberts01
Anita.Roberts02
Anita.Roberts11
Anita.Roberts12
Anita.Roberts13
Anita.Roberts21
Anita.Roberts22
Anita.Roberts23
Anita.Roberts69
Anita.Roberts77
Anita.Roberts88
Anita.Roberts99
Anita.Roberts123
Anita.Robertse
Anita.Robertss
Anita.Roberta
Anita.Robers
Anita.Robera
Anita.Roberer
Anita.Roberie
Anita.Robeo
Anita.Robey
Anita.Robe123
Anita.Robeman
Anita.Robedog
1Anita.Roberts
theAnita.Roberts
dnita.Roberts
maita.Roberts
Anita.R0berts
An1ta.Roberts
Anita.Rob3rts
Anta.Roberts
Ana.Roberts
Ania.Roberts
Anit.Roberts
Ania
Anita1
Anita.Robert
Anita.Rober
Anita.Robe
Anita.RobeAnita.Robe
Aita.Robe
bert
bertsita.Ro
Anita.Robes
snita.Rober
rtsAnita.Robe
erts
berts
oberober
bnit
taAtaA
Inita.Roberts
Dta.Roberts
AnitRo
AniaAnia
taA
AnrtAnrt
ArRo
AnitaR
A.Robe
Brian.Baker
rekaB.nairB
BRIAN.BAKER
brian.Baker
Brian.Baker0
Brian.Baker1
Brian.Baker2
Brian.Baker3
Brian.Baker4
Brian.Baker5
Brian.Baker6
Brian.Baker7
Brian.Baker8
Brian.Baker9
Brian.Baker00
Brian.Baker01
Brian.Baker02
Brian.Baker11
Brian.Baker12
Brian.Baker13
Brian.Baker21
Brian.Baker22
Brian.Baker23
Brian.Baker69
Brian.Baker77
Brian.Baker88
Brian.Baker99
Brian.Baker123
Brian.Bakere
Brian.Bakers
Brian.Bakea
Brian.Baks
Brian.Baka
Brian.Baker
Brian.Bakie
Brian.Bao
Brian.Bay
Brian.Ba123
Brian.Baman
Brian.Badog
1Brian.Baker
theBrian.Baker
drian.Baker
maian.Baker
Brian.Baker
Br1an.Baker
Brian.Bak3r
Bran.Baker
Brn.Baker
Brin.Baker
Bria.Baker
Brin
Brian1
Brian.Bake
Brian.Bak
Brian.Ba
Brian.BaBrian.Ba
Bian.Ba
Bake
kerian.Ba
Brian.Bar
drian.Bak
kerBrian.Ba
aker
Baker
.Bak.Bak
oria
anBanB
Jrian.Baker
Ean.Baker
BriaBa
BrinBrin
anB
BrrBBrrB
BrBa
BrianB
B.Bake
Brian.Morris
sirroM.nairB
BRIAN.MORRIS
brian.Morris
Brian.Morris0
Brian.Morris1
Brian.Morris2
Brian.Morris3
Brian.Morris4
Brian.Morris5
Brian.Morris6
Brian.Morris7
Brian.Morris8
Brian.Morris9
Brian.Morris00
Brian.Morris01
Brian.Morris02
Brian.Morris11
Brian.Morris12
Brian.Morris13
Brian.Morris21
Brian.Morris22
Brian.Morris23
Brian.Morris69
Brian.Morris77
Brian.Morris88
Brian.Morris99
Brian.Morris123
Brian.Morrise
Brian.Morriss
Brian.Morria
Brian.Morrs
Brian.Morra
Brian.Morrer
Brian.Morrie
Brian.Moro
Brian.Mory
Brian.Mor123
Brian.Morman
Brian.Mordog
1Brian.Morris
theBrian.Morris
drian.Morris
maian.Morris
Brian.M0rris
Br1an.Morr1s
Brian.Morris
Bran.Morris
Brn.Morris
Brin.Morris
Bria.Morris
Brin
Brian1
Brian.Morri
Brian.Morr
Brian.Mor
Brian.MorBrian.Mor
Bian.Mor
orri
rrisian.Mo
Brian.Mors
hrian.Morr
risBrian.Mor
rris
orris
MorrMorr
oria
anBanB
Jrian.Morris
Ean.Morris
BriaMo
BrinBrin
anB
BrisBris
BiMo
BrianM
B.Morr
Daniel.Shelton
notlehS.leinaD
DANIEL.SHELTON
daniel.Shelton
Daniel.Shelton0
Daniel.Shelton1
Daniel.Shelton2
Daniel.Shelton3
Daniel.Shelton4
Daniel.Shelton5
Daniel.Shelton6
Daniel.Shelton7
Daniel.Shelton8
Daniel.Shelton9
Daniel.Shelton00
Daniel.Shelton01
Daniel.Shelton02
Daniel.Shelton11
Daniel.Shelton12
Daniel.Shelton13
Daniel.Shelton21
Daniel.Shelton22
Daniel.Shelton23
Daniel.Shelton69
Daniel.Shelton77
Daniel.Shelton88
Daniel.Shelton99
Daniel.Shelton123
Daniel.Sheltone
Daniel.Sheltons
Daniel.Sheltoa
Daniel.Shelts
Daniel.Shelta
Daniel.Shelter
Daniel.Sheltie
Daniel.Shelo
Daniel.Shely
Daniel.Shel123
Daniel.Shelman
Daniel.Sheldog
1Daniel.Shelton
theDaniel.Shelton
daniel.Shelton
maniel.Shelton
Daniel.Shelt0n
Dan1el.Shelton
Dani3l.Sh3lton
Daiel.Shelton
Dael.Shelton
Danel.Shelton
Danil.Shelton
Dane
Danie1
Daniel.Shelto
Daniel.Shelt
Daniel.Shel
Daniel.ShelDaniel.Shel
Dniel.Shel
elto
heltonniel.S
Daniel.Sheln
naniel.Shelt
tonDaniel.Shel
lton
elton
helthelt
fani
ieDieD
Laniel.Shelton
Giel.Shelton
Dani.S
DaneDane
ieD
DaltDalt
Dl.S
Danie.
Dl.She
Danny.Matthews
swehttaM.ynnaD
DANNY.MATTHEWS
danny.Matthews
Danny.Matthews0
Danny.Matthews1
Danny.Matthews2
Danny.Matthews3
Danny.Matthews4
Danny.Matthews5
Danny.Matthews6
Danny.Matthews7
Danny.Matthews8
Danny.Matthews9
Danny.Matthews00
Danny.Matthews01
Danny.Matthews02
Danny.Matthews11
Danny.Matthews12
Danny.Matthews13
Danny.Matthews21
Danny.Matthews22
Danny.Matthews23
Danny.Matthews69
Danny.Matthews77
Danny.Matthews88
Danny.Matthews99
Danny.Matthews123
Danny.Matthewse
Danny.Matthewss
Danny.Matthewa
Danny.Matthes
Danny.Matthea
Danny.Mattheer
Danny.Mattheie
Danny.Mattho
Danny.Matthy
Danny.Matth123
Danny.Matthman
Danny.Matthdog
1Danny.Matthews
theDanny.Matthews
danny.Matthews
manny.Matthews
Danny.Matthews
Danny.Matthews
Danny.Matth3ws
Dany.Matthews
Day.Matthews
Dany.Matthews
Dann.Matthews
Dany
Danny1
Danny.Matthew
Danny.Matthe
Danny.Matth
Danny.MatthDanny.Matth
Dnny.Matth
thew
tthewsnny.Ma
Danny.Matths
vanny.Matthe
ewsDanny.Matth
hews
thews
tthetthe
zann
nyDnyD
Lanny.Matthews
Gny.Matthews
DannMa
DanyDany
nyD
DaheDahe
DhMa
DannyM
D.Matt
Darryl.Harris
sirraH.lyrraD
DARRYL.HARRIS
darryl.Harris
Darryl.Harris0
Darryl.Harris1
Darryl.Harris2
Darryl.Harris3
Darryl.Harris4
Darryl.Harris5
Darryl.Harris6
Darryl.Harris7
Darryl.Harris8
Darryl.Harris9
Darryl.Harris00
Darryl.Harris01
Darryl.Harris02
Darryl.Harris11
Darryl.Harris12
Darryl.Harris13
Darryl.Harris21
Darryl.Harris22
Darryl.Harris23
Darryl.Harris69
Darryl.Harris77
Darryl.Harris88
Darryl.Harris99
Darryl.Harris123
Darryl.Harrise
Darryl.Harriss
Darryl.Harria
Darryl.Harrs
Darryl.Harra
Darryl.Harrer
Darryl.Harrie
Darryl.Haro
Darryl.Hary
Darryl.Har123
Darryl.Harman
Darryl.Hardog
1Darryl.Harris
theDarryl.Harris
darryl.Harris
marryl.Harris
Darryl.Harris
Darryl.Harr1s
Darryl.Harris
Daryl.Harris
Dayl.Harris
Daryl.Harris
Darrl.Harris
Dary
Darry1
Darryl.Harri
Darryl.Harr
Darryl.Har
Darryl.HarDarryl.Har
Drryl.Har
arri
arrisrryl.H
Darryl.Hars
harryl.Harr
risDarryl.Har
rris
arris
HarrHarr
zarr
ryDryD
Larryl.Harris
Gryl.Harris
Darr.H
DaryDary
ryD
DariDari
Dr.H
Darry.
Dl.Har
David.Mcbride
edirbcM.divaD
DAVID.MCBRIDE
david.Mcbride
David.Mcbride0
David.Mcbride1
David.Mcbride2
David.Mcbride3
David.Mcbride4
David.Mcbride5
David.Mcbride6
David.Mcbride7
David.Mcbride8
David.Mcbride9
David.Mcbride00
David.Mcbride01
David.Mcbride02
David.Mcbride11
David.Mcbride12
David.Mcbride13
David.Mcbride21
David.Mcbride22
David.Mcbride23
David.Mcbride69
David.Mcbride77
David.Mcbride88
David.Mcbride99
David.Mcbride123
David.Mcbridee
David.Mcbrides
David.Mcbrida
David.Mcbris
David.Mcbria
David.Mcbrier
David.Mcbriie
David.Mcbro
David.Mcbry
David.Mcbr123
David.Mcbrman
David.Mcbrdog
1David.Mcbride
theDavid.Mcbride
david.Mcbride
mavid.Mcbride
David.Mcbride
Dav1d.Mcbr1de
David.Mcbrid3
Daid.Mcbride
Dad.Mcbride
Davd.Mcbride
Davi.Mcbride
Davd
David1
David.Mcbrid
David.Mcbri
David.Mcbr
David.McbrDavid.Mcbr
Dvid.Mcbr
brid
bridevid.Mc
David.Mcbre
cavid.Mcbri
ideDavid.Mcbr
ride
bride
cbricbri
eavi
idDidD
Lavid.Mcbride
Gid.Mcbride
DaviMc
DavdDavd
idD
DaidDaid
DiMc
DavidM
D.Mcbr
David.Reed
deeR.divaD
DAVID.REED
david.Reed
David.Reed0
David.Reed1
David.Reed2
David.Reed3
David.Reed4
David.Reed5
David.Reed6
David.Reed7
David.Reed8
David.Reed9
David.Reed00
David.Reed01
David.Reed02
David.Reed11
David.Reed12
David.Reed13
David.Reed21
David.Reed22
David.Reed23
David.Reed69
David.Reed77
David.Reed88
David.Reed99
David.Reed123
David.Reede
David.Reeds
David.Reea
David.Res
David.Rea
David.Reer
David.Reie
David.Ro
David.Ry
David.R123
David.Rman
David.Rdog
1David.Reed
theDavid.Reed
david.Reed
mavid.Reed
David.Reed
Dav1d.Reed
David.R33d
Daid.Reed
Dad.Reed
Davd.Reed
Davi.Reed
Davd
David1
David.Ree
David.Re
David.R
David.RDavid.R
Dvid.R
/Ree
edvid.Re
David.Rd
david.Re
eedDavid.R
Reed
.Reed
d.Red.Re
eavi
idDidD
Lavid.Reed
Gid.Reed
DaviRe
DavdDavd
idD
DaDaDaDa
DdRe
DavidR
D.Reed
David.Wilson
nosliW.divaD
DAVID.WILSON
david.Wilson
David.Wilson0
David.Wilson1
David.Wilson2
David.Wilson3
David.Wilson4
David.Wilson5
David.Wilson6
David.Wilson7
David.Wilson8
David.Wilson9
David.Wilson00
David.Wilson01
David.Wilson02
David.Wilson11
David.Wilson12
David.Wilson13
David.Wilson21
David.Wilson22
David.Wilson23
David.Wilson69
David.Wilson77
David.Wilson88
David.Wilson99
David.Wilson123
David.Wilsone
David.Wilsons
David.Wilsoa
David.Wilss
David.Wilsa
David.Wilser
David.Wilsie
David.Wilo
David.Wily
David.Wil123
David.Wilman
David.Wildog
1David.Wilson
theDavid.Wilson
david.Wilson
mavid.Wilson
David.Wils0n
Dav1d.W1lson
David.Wilson
Daid.Wilson
Dad.Wilson
Davd.Wilson
Davi.Wilson
Davd
David1
David.Wilso
David.Wils
David.Wil
David.WilDavid.Wil
Dvid.Wil
ilso
lsonvid.Wi
David.Wiln
navid.Wils
sonDavid.Wil
lson
ilson
WilsWils
eavi
idDidD
Lavid.Wilson
Gid.Wilson
DaviWi
DavdDavd
idD
DaonDaon
DoWi
DavidW
D.Wils
Ian.Duncan
nacnuD.naI
IAN.DUNCAN
ian.Duncan
Ian.Duncan0
Ian.Duncan1
Ian.Duncan2
Ian.Duncan3
Ian.Duncan4
Ian.Duncan5
Ian.Duncan6
Ian.Duncan7
Ian.Duncan8
Ian.Duncan9
Ian.Duncan00
Ian.Duncan01
Ian.Duncan02
Ian.Duncan11
Ian.Duncan12
Ian.Duncan13
Ian.Duncan21
Ian.Duncan22
Ian.Duncan23
Ian.Duncan69
Ian.Duncan77
Ian.Duncan88
Ian.Duncan99
Ian.Duncan123
Ian.Duncane
Ian.Duncans
Ian.Duncaa
Ian.Duncs
Ian.Dunca
Ian.Duncer
Ian.Duncie
Ian.Duno
Ian.Duny
Ian.Dun123
Ian.Dunman
Ian.Dundog
1Ian.Duncan
theIan.Duncan
dan.Duncan
man.Duncan
Ian.Duncan
Ian.Duncan
Ian.Duncan
Ia.Duncan
IaDuncan
IanDuncan
Ian.uncan
IanD
Ian.D1
Ian.Dunca
Ian.Dunc
Ian.Dun
Ian.DunIan.Dun
In.Dun
vnca
ann.Dunc
Ian.Dunn
`an.Dunc
canIan.Dun
ncan
uncan
DuncDunc
Ean.
.DI.DI
Qan.Duncan
L.Duncan
Ian.nc
IanDIanD
.DI
IaIaIaIa
Innc
Ian.Dn
Iuncan
Jason.Patterson
nosrettaP.nosaJ
JASON.PATTERSON
jason.Patterson
Jason.Patterson0
Jason.Patterson1
Jason.Patterson2
Jason.Patterson3
Jason.Patterson4
Jason.Patterson5
Jason.Patterson6
Jason.Patterson7
Jason.Patterson8
Jason.Patterson9
Jason.Patterson00
Jason.Patterson01
Jason.Patterson02
Jason.Patterson11
Jason.Patterson12
Jason.Patterson13
Jason.Patterson21
Jason.Patterson22
Jason.Patterson23
Jason.Patterson69
Jason.Patterson77
Jason.Patterson88
Jason.Patterson99
Jason.Patterson123
Jason.Pattersone
Jason.Pattersons
Jason.Pattersoa
Jason.Patterss
Jason.Pattersa
Jason.Patterser
Jason.Pattersie
Jason.Pattero
Jason.Pattery
Jason.Patter123
Jason.Patterman
Jason.Patterdog
1Jason.Patterson
theJason.Patterson
dason.Patterson
mason.Patterson
Jas0n.Patters0n
Jason.Patterson
Jason.Patt3rson
Jaon.Patterson
Jan.Patterson
Jasn.Patterson
Jaso.Patterson
Jasn
Jason1
Jason.Patterso
Jason.Patters
Jason.Patter
Jason.PatterJason.Patter
Json.Patter
erso
ttersonson.Pa
Jason.Pattern
nason.Patters
sonJason.Patter
rson
erson
tersters
oaso
onJonJ
Rason.Patterson
Mon.Patterson
JasoPa
JasnJasn
onJ
JaerJaer
JePa
JasonP
J.Patt
Jason.Wright
thgirW.nosaJ
JASON.WRIGHT
jason.Wright
Jason.Wright0
Jason.Wright1
Jason.Wright2
Jason.Wright3
Jason.Wright4
Jason.Wright5
Jason.Wright6
Jason.Wright7
Jason.Wright8
Jason.Wright9
Jason.Wright00
Jason.Wright01
Jason.Wright02
Jason.Wright11
Jason.Wright12
Jason.Wright13
Jason.Wright21
Jason.Wright22
Jason.Wright23
Jason.Wright69
Jason.Wright77
Jason.Wright88
Jason.Wright99
Jason.Wright123
Jason.Wrighte
Jason.Wrights
Jason.Wrigha
Jason.Wrigs
Jason.Wriga
Jason.Wriger
Jason.Wrigie
Jason.Wrio
Jason.Wriy
Jason.Wri123
Jason.Wriman
Jason.Wridog
1Jason.Wright
theJason.Wright
dason.Wright
mason.Wright
Jas0n.Wright
Jason.Wr1ght
Jason.Wright
Jaon.Wright
Jan.Wright
Jasn.Wright
Jaso.Wright
Jasn
Jason1
Jason.Wrigh
Jason.Wrig
Jason.Wri
Jason.WriJason.Wri
Json.Wri
righ
ightson.Wr
Jason.Writ
gason.Wrig
ghtJason.Wri
ight
right
WrigWrig
oaso
onJonJ
Rason.Wright
Mon.Wright
JasoWr
JasnJasn
onJ
JahtJaht
JhWr
JasonW
J.Wrig
Jennifer.Thomas
samohT.refinneJ
JENNIFER.THOMAS
jennifer.Thomas
Jennifer.Thomas0
Jennifer.Thomas1
Jennifer.Thomas2
Jennifer.Thomas3
Jennifer.Thomas4
Jennifer.Thomas5
Jennifer.Thomas6
Jennifer.Thomas7
Jennifer.Thomas8
Jennifer.Thomas9
Jennifer.Thomas00
Jennifer.Thomas01
Jennifer.Thomas02
Jennifer.Thomas11
Jennifer.Thomas12
Jennifer.Thomas13
Jennifer.Thomas21
Jennifer.Thomas22
Jennifer.Thomas23
Jennifer.Thomas69
Jennifer.Thomas77
Jennifer.Thomas88
Jennifer.Thomas99
Jennifer.Thomas123
Jennifer.Thomase
Jennifer.Thomass
Jennifer.Thomaa
Jennifer.Thoms
Jennifer.Thoma
Jennifer.Thomer
Jennifer.Thomie
Jennifer.Thoo
Jennifer.Thoy
Jennifer.Tho123
Jennifer.Thoman
Jennifer.Thodog
1Jennifer.Thomas
theJennifer.Thomas
dennifer.Thomas
mannifer.Thomas
Jennifer.Th0mas
Jenn1fer.Thomas
J3nnif3r.Thomas
Jenifer.Thomas
Jeifer.Thomas
Jenifer.Thomas
Jennfer.Thomas
Jeni
Jenni1
Jennifer.Thoma
Jennifer.Thom
Jennifer.Tho
Jennifer.ThoJennifer.Tho
Jnnifer.Tho
homa
.Thomasnnifer
Jennifer.Thos
`ennifer.Thom
masJennifer.Tho
omas
homas
ThomThom
jenn
niJniJ
Rennifer.Thomas
Mnifer.Thomas
Jenner
JeniJeni
niJ
JehoJeho
Jher
Jennie
Jfer.T
Jessica.Moody
ydooM.acisseJ
JESSICA.MOODY
jessica.Moody
Jessica.Moody0
Jessica.Moody1
Jessica.Moody2
Jessica.Moody3
Jessica.Moody4
Jessica.Moody5
Jessica.Moody6
Jessica.Moody7
Jessica.Moody8
Jessica.Moody9
Jessica.Moody00
Jessica.Moody01
Jessica.Moody02
Jessica.Moody11
Jessica.Moody12
Jessica.Moody13
Jessica.Moody21
Jessica.Moody22
Jessica.Moody23
Jessica.Moody69
Jessica.Moody77
Jessica.Moody88
Jessica.Moody99
Jessica.Moody123
Jessica.Moodye
Jessica.Moodys
Jessica.Mooda
Jessica.Moos
Jessica.Mooa
Jessica.Mooer
Jessica.Mooie
Jessica.Moo
Jessica.Moy
Jessica.Mo123
Jessica.Moman
Jessica.Modog
1Jessica.Moody
theJessica.Moody
dessica.Moody
massica.Moody
Jessica.M00dy
Jess1ca.Moody
J3ssica.Moody
Jesica.Moody
Jeica.Moody
Jesica.Moody
Jessca.Moody
Jesi
Jessi1
Jessica.Mood
Jessica.Moo
Jessica.Mo
Jessica.MoJessica.Mo
Jssica.Mo
Mood
Moodyssica.
Jessica.Moy
cessica.Moo
odyJessica.Mo
oody
Moody
.Moo.Moo
jess
siJsiJ
Ressica.Moody
Msica.Moody
Jessa.
JesiJesi
siJ
JeodJeod
Joa.
Jessia
Jca.Mo
John.Coleman
nameloC.nhoJ
JOHN.COLEMAN
john.Coleman
John.Coleman0
John.Coleman1
John.Coleman2
John.Coleman3
John.Coleman4
John.Coleman5
John.Coleman6
John.Coleman7
John.Coleman8
John.Coleman9
John.Coleman00
John.Coleman01
John.Coleman02
John.Coleman11
John.Coleman12
John.Coleman13
John.Coleman21
John.Coleman22
John.Coleman23
John.Coleman69
John.Coleman77
John.Coleman88
John.Coleman99
John.Coleman123
John.Colemane
John.Colemans
John.Colemaa
John.Colems
John.Colema
John.Colemer
John.Colemie
John.Coleo
John.Coley
John.Cole123
John.Coleman
John.Coledog
1John.Coleman
theJohn.Coleman
dohn.Coleman
mahn.Coleman
J0hn.C0leman
John.Coleman
John.Col3man
Jon.Coleman
Jo.Coleman
Joh.Coleman
JohnColeman
Joh.
John.1
John.Colema
John.Colem
John.Cole
John.ColeJohn.Cole
Jhn.Cole
lema
emanhn.Col
John.Colen
`ohn.Colem
manJohn.Cole
eman
leman
olemolem
/ohn
n.Jn.J
Rohn.Coleman
Mn.Coleman
Johnol
Joh.Joh.
n.J
JoanJoan
Jaol
John.o
JColem
Jose.Williams
smailliW.esoJ
JOSE.WILLIAMS
jose.Williams
Jose.Williams0
Jose.Williams1
Jose.Williams2
Jose.Williams3
Jose.Williams4
Jose.Williams5
Jose.Williams6
Jose.Williams7
Jose.Williams8
Jose.Williams9
Jose.Williams00
Jose.Williams01
Jose.Williams02
Jose.Williams11
Jose.Williams12
Jose.Williams13
Jose.Williams21
Jose.Williams22
Jose.Williams23
Jose.Williams69
Jose.Williams77
Jose.Williams88
Jose.Williams99
Jose.Williams123
Jose.Williamse
Jose.Williamss
Jose.Williama
Jose.Willias
Jose.Williaa
Jose.Williaer
Jose.Williaie
Jose.Willio
Jose.Williy
Jose.Willi123
Jose.Williman
Jose.Willidog
1Jose.Williams
theJose.Williams
dose.Williams
mase.Williams
J0se.Williams
Jose.W1ll1ams
Jos3.Williams
Joe.Williams
Jo.Williams
Jos.Williams
JoseWilliams
Jos.
Jose.1
Jose.William
Jose.Willia
Jose.Willi
Jose.WilliJose.Willi
Jse.Willi
liam
liamsse.Wil
Jose.Willis
lose.Willia
amsJose.Willi
iams
liams
lliallia
/ose
e.Je.J
Rose.Williams
Me.Williams
Joseil
Jos.Jos.
e.J
JoamJoam
Jail
Jose.i
JWilli
Kaitlyn.Zimmerman
namremmiZ.nyltiaK
KAITLYN.ZIMMERMAN
kaitlyn.Zimmerman
Kaitlyn.Zimmerman0
Kaitlyn.Zimmerman1
Kaitlyn.Zimmerman2
Kaitlyn.Zimmerman3
Kaitlyn.Zimmerman4
Kaitlyn.Zimmerman5
Kaitlyn.Zimmerman6
Kaitlyn.Zimmerman7
Kaitlyn.Zimmerman8
Kaitlyn.Zimmerman9
Kaitlyn.Zimmerman00
Kaitlyn.Zimmerman01
Kaitlyn.Zimmerman02
Kaitlyn.Zimmerman11
Kaitlyn.Zimmerman12
Kaitlyn.Zimmerman13
Kaitlyn.Zimmerman21
Kaitlyn.Zimmerman22
Kaitlyn.Zimmerman23
Kaitlyn.Zimmerman69
Kaitlyn.Zimmerman77
Kaitlyn.Zimmerman88
Kaitlyn.Zimmerman99
Kaitlyn.Zimmerman123
Kaitlyn.Zimmermane
Kaitlyn.Zimmermans
Kaitlyn.Zimmermaa
Kaitlyn.Zimmerms
Kaitlyn.Zimmerma
Kaitlyn.Zimmermer
Kaitlyn.Zimmermie
Kaitlyn.Zimmero
Kaitlyn.Zimmery
Kaitlyn.Zimmer123
Kaitlyn.Zimmerman
Kaitlyn.Zimmerdog
1Kaitlyn.Zimmerman
theKaitlyn.Zimmerman
daitlyn.Zimmerman
maitlyn.Zimmerman
Kaitlyn.Zimmerman
Ka1tlyn.Z1mmerman
Kaitlyn.Zimm3rman
Katlyn.Zimmerman
Kalyn.Zimmerman
Kailyn.Zimmerman
Kaityn.Zimmerman
Kail
Kaitl1
Kaitlyn.Zimmerma
Kaitlyn.Zimmerm
Kaitlyn.Zimmer
Kaitlyn.ZimmerKaitlyn.Zimmer
Kitlyn.Zimmer
erma
Zimmermanitlyn.
Kaitlyn.Zimmern
`aitlyn.Zimmerm
manKaitlyn.Zimmer
rman
erman
mermmerm
mait
tlKtlK
Saitlyn.Zimmerman
Ntlyn.Zimmerman
Kaitn.
KailKail
tlK
KammKamm
Kmn.
Kaitln
Kyn.Zi
Kelly.Long
gnoL.ylleK
KELLY.LONG
kelly.Long
Kelly.Long0
Kelly.Long1
Kelly.Long2
Kelly.Long3
Kelly.Long4
Kelly.Long5
Kelly.Long6
Kelly.Long7
Kelly.Long8
Kelly.Long9
Kelly.Long00
Kelly.Long01
Kelly.Long02
Kelly.Long11
Kelly.Long12
Kelly.Long13
Kelly.Long21
Kelly.Long22
Kelly.Long23
Kelly.Long69
Kelly.Long77
Kelly.Long88
Kelly.Long99
Kelly.Long123
Kelly.Longe
Kelly.Longs
Kelly.Lona
Kelly.Los
Kelly.Loa
Kelly.Loer
Kelly.Loie
Kelly.Lo
Kelly.Ly
Kelly.L123
Kelly.Lman
Kelly.Ldog
1Kelly.Long
theKelly.Long
delly.Long
mally.Long
Kelly.L0ng
Kelly.Long
K3lly.Long
Kely.Long
Key.Long
Kely.Long
Kell.Long
Kely
Kelly1
Kelly.Lon
Kelly.Lo
Kelly.L
Kelly.LKelly.L
Klly.L
/Lon
nglly.Lo
Kelly.Lg
melly.Lo
ongKelly.L
Long
.Long
y.Loy.Lo
zell
lyKlyK
Selly.Long
Nly.Long
KellLo
KelyKely
lyK
KeKeKeKe
KgLo
KellyL
K.Long
Nicole.Brock
kcorB.elociN
NICOLE.BROCK
nicole.Brock
Nicole.Brock0
Nicole.Brock1
Nicole.Brock2
Nicole.Brock3
Nicole.Brock4
Nicole.Brock5
Nicole.Brock6
Nicole.Brock7
Nicole.Brock8
Nicole.Brock9
Nicole.Brock00
Nicole.Brock01
Nicole.Brock02
Nicole.Brock11
Nicole.Brock12
Nicole.Brock13
Nicole.Brock21
Nicole.Brock22
Nicole.Brock23
Nicole.Brock69
Nicole.Brock77
Nicole.Brock88
Nicole.Brock99
Nicole.Brock123
Nicole.Brocke
Nicole.Brocks
Nicole.Broca
Nicole.Bros
Nicole.Broa
Nicole.Broer
Nicole.Broie
Nicole.Bro
Nicole.Bry
Nicole.Br123
Nicole.Brman
Nicole.Brdog
1Nicole.Brock
theNicole.Brock
dicole.Brock
macole.Brock
Nic0le.Br0ck
N1cole.Brock
Nicol3.Brock
Niole.Brock
Nile.Brock
Nicle.Brock
Nicoe.Brock
Nicl
Nicol1
Nicole.Broc
Nicole.Bro
Nicole.Br
Nicole.BrNicole.Br
Ncole.Br
Broc
rockcole.B
Nicole.Brk
bicole.Bro
ockNicole.Br
rock
Brock
.Bro.Bro
mico
olNolN
Vicole.Brock
Qole.Brock
Nico.B
NiclNicl
olN
NickNick
Nc.B
Nicol.
Ne.Bro
Richard.Williams
smailliW.drahciR
RICHARD.WILLIAMS
richard.Williams
Richard.Williams0
Richard.Williams1
Richard.Williams2
Richard.Williams3
Richard.Williams4
Richard.Williams5
Richard.Williams6
Richard.Williams7
Richard.Williams8
Richard.Williams9
Richard.Williams00
Richard.Williams01
Richard.Williams02
Richard.Williams11
Richard.Williams12
Richard.Williams13
Richard.Williams21
Richard.Williams22
Richard.Williams23
Richard.Williams69
Richard.Williams77
Richard.Williams88
Richard.Williams99
Richard.Williams123
Richard.Williamse
Richard.Williamss
Richard.Williama
Richard.Willias
Richard.Williaa
Richard.Williaer
Richard.Williaie
Richard.Willio
Richard.Williy
Richard.Willi123
Richard.Williman
Richard.Willidog
1Richard.Williams
theRichard.Williams
dichard.Williams
machard.Williams
Richard.Williams
R1chard.W1ll1ams
Richard.Williams
Rihard.Williams
Riard.Williams
Ricard.Williams
Richrd.Williams
Rica
Richa1
Richard.William
Richard.Willia
Richard.Willi
Richard.WilliRichard.Willi
Rchard.Willi
liam
Williamschard.
Richard.Willis
lichard.Willia
amsRichard.Willi
iams
liams
lliallia
bich
haRhaR
Zichard.Williams
Uhard.Williams
Richd.
RicaRica
haR
RillRill
Rld.
Richad
Rrd.Wi
Samuel.Richardson
nosdrahciR.leumaS
SAMUEL.RICHARDSON
samuel.Richardson
Samuel.Richardson0
Samuel.Richardson1
Samuel.Richardson2
Samuel.Richardson3
Samuel.Richardson4
Samuel.Richardson5
Samuel.Richardson6
Samuel.Richardson7
Samuel.Richardson8
Samuel.Richardson9
Samuel.Richardson00
Samuel.Richardson01
Samuel.Richardson02
Samuel.Richardson11
Samuel.Richardson12
Samuel.Richardson13
Samuel.Richardson21
Samuel.Richardson22
Samuel.Richardson23
Samuel.Richardson69
Samuel.Richardson77
Samuel.Richardson88
Samuel.Richardson99
Samuel.Richardson123
Samuel.Richardsone
Samuel.Richardsons
Samuel.Richardsoa
Samuel.Richardss
Samuel.Richardsa
Samuel.Richardser
Samuel.Richardsie
Samuel.Richardo
Samuel.Richardy
Samuel.Richard123
Samuel.Richardman
Samuel.Richarddog
1Samuel.Richardson
theSamuel.Richardson
damuel.Richardson
mamuel.Richardson
Samuel.Richards0n
Samuel.R1chardson
Samu3l.Richardson
Sauel.Richardson
Sael.Richardson
Samel.Richardson
Samul.Richardson
Same
Samue1
Samuel.Richardso
Samuel.Richards
Samuel.Richard
Samuel.RichardSamuel.Richard
Smuel.Richard
rdso
ichardsonmuel.R
Samuel.Richardn
namuel.Richards
sonSamuel.Richard
dson
rdson
ardsards
famu
ueSueS
[amuel.Richardson
Vuel.Richardson
Samu.R
SameSame
ueS
SahaSaha
Sh.R
Samue.
Sl.Ric
Scott.Scott
ttocS.ttocS
SCOTT.SCOTT
scott.Scott
Scott.Scott0
Scott.Scott1
Scott.Scott2
Scott.Scott3
Scott.Scott4
Scott.Scott5
Scott.Scott6
Scott.Scott7
Scott.Scott8
Scott.Scott9
Scott.Scott00
Scott.Scott01
Scott.Scott02
Scott.Scott11
Scott.Scott12
Scott.Scott13
Scott.Scott21
Scott.Scott22
Scott.Scott23
Scott.Scott69
Scott.Scott77
Scott.Scott88
Scott.Scott99
Scott.Scott123
Scott.Scotte
Scott.Scotts
Scott.Scota
Scott.Scos
Scott.Scoa
Scott.Scoer
Scott.Scoie
Scott.Sco
Scott.Scy
Scott.Sc123
Scott.Scman
Scott.Scdog
1Scott.Scott
theScott.Scott
dcott.Scott
maott.Scott
Sc0tt.Sc0tt
Scott.Scott
Scott.Scott
Sctt.Scott
Sct.Scott
Scot.Scott
Scot.Scott
Scot
Scott1
Scott.Scot
Scott.Sco
Scott.Sc
Scott.ScScott.Sc
Sott.Sc
Scot
ottott.Sc
Scott.Sct
scott.Sco
ottScott.Sc
cott
Scott
.Sco.Sco
ucot
ttSttS
[cott.Scott
Vtt.Scott
ScotSc
ScotScot
ttS
SctSSctS
StSc
ScottS
S.Scot
Stephanie.Young
gnuoY.einahpetS
STEPHANIE.YOUNG
stephanie.Young
Stephanie.Young0
Stephanie.Young1
Stephanie.Young2
Stephanie.Young3
Stephanie.Young4
Stephanie.Young5
Stephanie.Young6
Stephanie.Young7
Stephanie.Young8
Stephanie.Young9
Stephanie.Young00
Stephanie.Young01
Stephanie.Young02
Stephanie.Young11
Stephanie.Young12
Stephanie.Young13
Stephanie.Young21
Stephanie.Young22
Stephanie.Young23
Stephanie.Young69
Stephanie.Young77
Stephanie.Young88
Stephanie.Young99
Stephanie.Young123
Stephanie.Younge
Stephanie.Youngs
Stephanie.Youna
Stephanie.Yous
Stephanie.Youa
Stephanie.Youer
Stephanie.Youie
Stephanie.Yoo
Stephanie.Yoy
Stephanie.Yo123
Stephanie.Yoman
Stephanie.Yodog
1Stephanie.Young
theStephanie.Young
dtephanie.Young
maephanie.Young
Stephanie.Y0ung
Stephan1e.Young
St3phani3.Young
Stphanie.Young
Sthanie.Young
Stehanie.Young
Stepanie.Young
Steh
Steph1
Stephanie.Youn
Stephanie.You
Stephanie.Yo
Stephanie.YoStephanie.Yo
Sephanie.Yo
Youn
e.Youngephani
Stephanie.Yog
mtephanie.You
ungStephanie.Yo
oung
Young
.You.You
itep
phSphS
[tephanie.Young
Vphanie.Young
Stepni
StehSteh
phS
StYoStYo
SYni
Stephn
Sanie.
Teresa.Williamson
nosmailliW.asereT
TERESA.WILLIAMSON
teresa.Williamson
Teresa.Williamson0
Teresa.Williamson1
Teresa.Williamson2
Teresa.Williamson3
Teresa.Williamson4
Teresa.Williamson5
Teresa.Williamson6
Teresa.Williamson7
Teresa.Williamson8
Teresa.Williamson9
Teresa.Williamson00
Teresa.Williamson01
Teresa.Williamson02
Teresa.Williamson11
Teresa.Williamson12
Teresa.Williamson13
Teresa.Williamson21
Teresa.Williamson22
Teresa.Williamson23
Teresa.Williamson69
Teresa.Williamson77
Teresa.Williamson88
Teresa.Williamson99
Teresa.Williamson123
Teresa.Williamsone
Teresa.Williamsons
Teresa.Williamsoa
Teresa.Williamss
Teresa.Williamsa
Teresa.Williamser
Teresa.Williamsie
Teresa.Williamo
Teresa.Williamy
Teresa.William123
Teresa.Williamman
Teresa.Williamdog
1Teresa.Williamson
theTeresa.Williamson
deresa.Williamson
maresa.Williamson
Teresa.Williams0n
Teresa.W1ll1amson
T3r3sa.Williamson
Teesa.Williamson
Tesa.Williamson
Tersa.Williamson
Terea.Williamson
Ters
Teres1
Teresa.Williamso
Teresa.Williams
Teresa.William
Teresa.WilliamTeresa.William
Tresa.William
amso
illiamsonresa.W
Teresa.Williamn
neresa.Williams
sonTeresa.William
mson
amson
iamsiams
tere
esTesT
\eresa.Williamson
Wesa.Williamson
Tere.W
TersTers
esT
TeliTeli
Tl.W
Teres.
Ta.Wil
Thomas.Hall
llaH.samohT
THOMAS.HALL
thomas.Hall
Thomas.Hall0
Thomas.Hall1
Thomas.Hall2
Thomas.Hall3
Thomas.Hall4
Thomas.Hall5
Thomas.Hall6
Thomas.Hall7
Thomas.Hall8
Thomas.Hall9
Thomas.Hall00
Thomas.Hall01
Thomas.Hall02
Thomas.Hall11
Thomas.Hall12
Thomas.Hall13
Thomas.Hall21
Thomas.Hall22
Thomas.Hall23
Thomas.Hall69
Thomas.Hall77
Thomas.Hall88
Thomas.Hall99
Thomas.Hall123
Thomas.Halle
Thomas.Halls
Thomas.Hala
Thomas.Has
Thomas.Haa
Thomas.Haer
Thomas.Haie
Thomas.Ho
Thomas.Hy
Thomas.H123
Thomas.Hman
Thomas.Hdog
1Thomas.Hall
theThomas.Hall
dhomas.Hall
maomas.Hall
Th0mas.Hall
Thomas.Hall
Thomas.Hall
Thmas.Hall
Thas.Hall
Thoas.Hall
Thoms.Hall
Thoa
Thoma1
Thomas.Hal
Thomas.Ha
Thomas.H
Thomas.HThomas.H
Tomas.H
.Hal
allomas.H
Thomas.Hl
khomas.Ha
allThomas.H
Hall
.Hall
s.Has.Ha
bhom
maTmaT
\homas.Hall
Wmas.Hall
Thom.H
ThoaThoa
maT
ThlTThlT
Tl.H
Thoma.
Ts.Hal
Thomas.Valenzuela
aleuznelaV.samohT
THOMAS.VALENZUELA
thomas.Valenzuela
Thomas.Valenzuela0
Thomas.Valenzuela1
Thomas.Valenzuela2
Thomas.Valenzuela3
Thomas.Valenzuela4
Thomas.Valenzuela5
Thomas.Valenzuela6
Thomas.Valenzuela7
Thomas.Valenzuela8
Thomas.Valenzuela9
Thomas.Valenzuela00
Thomas.Valenzuela01
Thomas.Valenzuela02
Thomas.Valenzuela11
Thomas.Valenzuela12
Thomas.Valenzuela13
Thomas.Valenzuela21
Thomas.Valenzuela22
Thomas.Valenzuela23
Thomas.Valenzuela69
Thomas.Valenzuela77
Thomas.Valenzuela88
Thomas.Valenzuela99
Thomas.Valenzuela123
Thomas.Valenzuelae
Thomas.Valenzuelas
Thomas.Valenzuela
Thomas.Valenzues
Thomas.Valenzuea
Thomas.Valenzueer
Thomas.Valenzueie
Thomas.Valenzuo
Thomas.Valenzuy
Thomas.Valenzu123
Thomas.Valenzuman
Thomas.Valenzudog
1Thomas.Valenzuela
theThomas.Valenzuela
dhomas.Valenzuela
maomas.Valenzuela
Th0mas.Valenzuela
Thomas.Valenzuela
Thomas.Val3nzu3la
Thmas.Valenzuela
Thas.Valenzuela
Thoas.Valenzuela
Thoms.Valenzuela
Thoa
Thoma1
Thomas.Valenzuel
Thomas.Valenzue
Thomas.Valenzu
Thomas.ValenzuThomas.Valenzu
Tomas.Valenzu
zuel
alenzuelaomas.V
Thomas.Valenzua
khomas.Valenzue
elaThomas.Valenzu
uela
zuela
nzuenzue
bhom
maTmaT
\homas.Valenzuela
Wmas.Valenzuela
Thom.V
ThoaThoa
maT
ThenThen
Te.V
Thoma.
Ts.Val
Tiffany.Molina
aniloM.ynaffiT
TIFFANY.MOLINA
tiffany.Molina
Tiffany.Molina0
Tiffany.Molina1
Tiffany.Molina2
Tiffany.Molina3
Tiffany.Molina4
Tiffany.Molina5
Tiffany.Molina6
Tiffany.Molina7
Tiffany.Molina8
Tiffany.Molina9
Tiffany.Molina00
Tiffany.Molina01
Tiffany.Molina02
Tiffany.Molina11
Tiffany.Molina12
Tiffany.Molina13
Tiffany.Molina21
Tiffany.Molina22
Tiffany.Molina23
Tiffany.Molina69
Tiffany.Molina77
Tiffany.Molina88
Tiffany.Molina99
Tiffany.Molina123
Tiffany.Molinae
Tiffany.Molinas
Tiffany.Molina
Tiffany.Molis
Tiffany.Molia
Tiffany.Molier
Tiffany.Moliie
Tiffany.Molo
Tiffany.Moly
Tiffany.Mol123
Tiffany.Molman
Tiffany.Moldog
1Tiffany.Molina
theTiffany.Molina
diffany.Molina
maffany.Molina
Tiffany.M0lina
T1ffany.Mol1na
Tiffany.Molina
Tifany.Molina
Tiany.Molina
Tifany.Molina
Tiffny.Molina
Tifa
Tiffa1
Tiffany.Molin
Tiffany.Moli
Tiffany.Mol
Tiffany.MolTiffany.Mol
Tffany.Mol
olin
Molinaffany.
Tiffany.Mola
miffany.Moli
inaTiffany.Mol
lina
olina
MoliMoli
biff
faTfaT
\iffany.Molina
Wfany.Molina
Tiffy.
TifaTifa
faT
TiliTili
Tly.
Tiffay
Tny.Mo
Travis.Evans
snavE.sivarT
TRAVIS.EVANS
travis.Evans
Travis.Evans0
Travis.Evans1
Travis.Evans2
Travis.Evans3
Travis.Evans4
Travis.Evans5
Travis.Evans6
Travis.Evans7
Travis.Evans8
Travis.Evans9
Travis.Evans00
Travis.Evans01
Travis.Evans02
Travis.Evans11
Travis.Evans12
Travis.Evans13
Travis.Evans21
Travis.Evans22
Travis.Evans23
Travis.Evans69
Travis.Evans77
Travis.Evans88
Travis.Evans99
Travis.Evans123
Travis.Evanse
Travis.Evanss
Travis.Evana
Travis.Evas
Travis.Evaa
Travis.Evaer
Travis.Evaie
Travis.Evo
Travis.Evy
Travis.Ev123
Travis.Evman
Travis.Evdog
1Travis.Evans
theTravis.Evans
dravis.Evans
maavis.Evans
Travis.Evans
Trav1s.Evans
Travis.Evans
Trvis.Evans
Tris.Evans
Trais.Evans
Travs.Evans
Trai
Travi1
Travis.Evan
Travis.Eva
Travis.Ev
Travis.EvTravis.Ev
Tavis.Ev
Evan
vansavis.E
Travis.Evs
mravis.Eva
ansTravis.Ev
vans
Evans
.Eva.Eva
jrav
viTviT
\ravis.Evans
Wvis.Evans
Trav.E
TraiTrai
viT
TrnsTrns
Tn.E
Travi.
Ts.Eva
Veronica.Patel
letaP.acinoreV
VERONICA.PATEL
veronica.Patel
Veronica.Patel0
Veronica.Patel1
Veronica.Patel2
Veronica.Patel3
Veronica.Patel4
Veronica.Patel5
Veronica.Patel6
Veronica.Patel7
Veronica.Patel8
Veronica.Patel9
Veronica.Patel00
Veronica.Patel01
Veronica.Patel02
Veronica.Patel11
Veronica.Patel12
Veronica.Patel13
Veronica.Patel21
Veronica.Patel22
Veronica.Patel23
Veronica.Patel69
Veronica.Patel77
Veronica.Patel88
Veronica.Patel99
Veronica.Patel123
Veronica.Patele
Veronica.Patels
Veronica.Patea
Veronica.Pats
Veronica.Pata
Veronica.Pater
Veronica.Patie
Veronica.Pao
Veronica.Pay
Veronica.Pa123
Veronica.Paman
Veronica.Padog
1Veronica.Patel
theVeronica.Patel
deronica.Patel
maronica.Patel
Ver0nica.Patel
Veron1ca.Patel
V3ronica.Pat3l
Veonica.Patel
Venica.Patel
Vernica.Patel
Veroica.Patel
Vern
Veron1
Veronica.Pate
Veronica.Pat
Veronica.Pa
Veronica.PaVeronica.Pa
Vronica.Pa
Pate
.Patelronica
Veronica.Pal
deronica.Pat
telVeronica.Pa
atel
Patel
.Pat.Pat
oero
onVonV
^eronica.Patel
Yonica.Patel
Veroca
VernVern
onV
VeatVeat
Vaca
Veronc
Vica.P
William.Lee
eeL.mailliW
WILLIAM.LEE
william.Lee
William.Lee0
William.Lee1
William.Lee2
William.Lee3
William.Lee4
William.Lee5
William.Lee6
William.Lee7
William.Lee8
William.Lee9
William.Lee00
William.Lee01
William.Lee02
William.Lee11
William.Lee12
William.Lee13
William.Lee21
William.Lee22
William.Lee23
William.Lee69
William.Lee77
William.Lee88
William.Lee99
William.Lee123
William.Leee
William.Lees
William.Lea
William.Ls
William.La
William.Ler
William.Lie
William.o
William.y
William.123
William.man
William.dog
1William.Lee
theWilliam.Lee
dilliam.Lee
malliam.Lee
William.Lee
W1ll1am.Lee
William.L33
Wiliam.Lee
Wiiam.Lee
Wiliam.Lee
Willam.Lee
Wili
Willi1
William.Le
William.L
William.
William.William.
Wlliam.
m.Le
Leelliam.
William.e
dilliam.L
LeeWilliam.
.Lee
m.Lee
am.Lam.L
jill
liWliW
_illiam.Lee
Zliam.Lee
Willm.
WiliWili
liW
WieWWieW
Wem.
Willim
Wam.Le
Anita.Roberts!
streboR.atinA!
ANITA.ROBERTS!
anita.Roberts!
Anita.Roberts0!
Anita.Roberts1!
Anita.Roberts2!
Anita.Roberts3!
Anita.Roberts4!
Anita.Roberts5!
Anita.Roberts6!
Anita.Roberts7!
Anita.Roberts8!
Anita.Roberts9!
Anita.Roberts00!
Anita.Roberts01!
Anita.Roberts02!
Anita.Roberts11!
Anita.Roberts12!
Anita.Roberts13!
Anita.Roberts21!
Anita.Roberts22!
Anita.Roberts23!
Anita.Roberts69!
Anita.Roberts77!
Anita.Roberts88!
Anita.Roberts99!
Anita.Roberts123!
Anita.Robertse!
Anita.Robertss!
Anita.Roberta!
Anita.Robers!
Anita.Robera!
Anita.Roberer!
Anita.Roberie!
Anita.Robeo!
Anita.Robey!
Anita.Robe123!
Anita.Robeman!
Anita.Robedog!
1Anita.Roberts!
theAnita.Roberts!
dnita.Roberts!
maita.Roberts!
Anita.R0berts!
An1ta.Roberts!
Anita.Rob3rts!
Anta.Roberts!
Ana.Roberts!
Ania.Roberts!
Anit.Roberts!
Ania!
Anita1!
Anita.Robert!
Anita.Rober!
Anita.Robe!
Anita.RobeAnita.Robe!
Aita.Robe!
bert!
bertsita.Ro!
Anita.Robes!
snita.Rober!
rtsAnita.Robe!
erts!
berts!
oberober!
bnit!
taAtaA!
Inita.Roberts!
Dta.Roberts!
AnitRo!
AniaAnia!
taA!
AnrtAnrt!
ArRo!
AnitaR!
A.Robe!
Brian.Baker!
rekaB.nairB!
BRIAN.BAKER!
brian.Baker!
Brian.Baker0!
Brian.Baker1!
Brian.Baker2!
Brian.Baker3!
Brian.Baker4!
Brian.Baker5!
Brian.Baker6!
Brian.Baker7!
Brian.Baker8!
Brian.Baker9!
Brian.Baker00!
Brian.Baker01!
Brian.Baker02!
Brian.Baker11!
Brian.Baker12!
Brian.Baker13!
Brian.Baker21!
Brian.Baker22!
Brian.Baker23!
Brian.Baker69!
Brian.Baker77!
Brian.Baker88!
Brian.Baker99!
Brian.Baker123!
Brian.Bakere!
Brian.Bakers!
Brian.Bakea!
Brian.Baks!
Brian.Baka!
Brian.Baker!
Brian.Bakie!
Brian.Bao!
Brian.Bay!
Brian.Ba123!
Brian.Baman!
Brian.Badog!
1Brian.Baker!
theBrian.Baker!
drian.Baker!
maian.Baker!
Brian.Baker!
Br1an.Baker!
Brian.Bak3r!
Bran.Baker!
Brn.Baker!
Brin.Baker!
Bria.Baker!
Brin!
Brian1!
Brian.Bake!
Brian.Bak!
Brian.Ba!
Brian.BaBrian.Ba!
Bian.Ba!
Bake!
kerian.Ba!
Brian.Bar!
drian.Bak!
kerBrian.Ba!
aker!
Baker!
.Bak.Bak!
oria!
anBanB!
Jrian.Baker!
Ean.Baker!
BriaBa!
BrinBrin!
anB!
BrrBBrrB!
BrBa!
BrianB!
B.Bake!
Brian.Morris!
sirroM.nairB!
BRIAN.MORRIS!
brian.Morris!
Brian.Morris0!
Brian.Morris1!
Brian.Morris2!
Brian.Morris3!
Brian.Morris4!
Brian.Morris5!
Brian.Morris6!
Brian.Morris7!
Brian.Morris8!
Brian.Morris9!
Brian.Morris00!
Brian.Morris01!
Brian.Morris02!
Brian.Morris11!
Brian.Morris12!
Brian.Morris13!
Brian.Morris21!
Brian.Morris22!
Brian.Morris23!
Brian.Morris69!
Brian.Morris77!
Brian.Morris88!
Brian.Morris99!
Brian.Morris123!
Brian.Morrise!
Brian.Morriss!
Brian.Morria!
Brian.Morrs!
Brian.Morra!
Brian.Morrer!
Brian.Morrie!
Brian.Moro!
Brian.Mory!
Brian.Mor123!
Brian.Morman!
Brian.Mordog!
1Brian.Morris!
theBrian.Morris!
drian.Morris!
maian.Morris!
Brian.M0rris!
Br1an.Morr1s!
Brian.Morris!
Bran.Morris!
Brn.Morris!
Brin.Morris!
Bria.Morris!
Brin!
Brian1!
Brian.Morri!
Brian.Morr!
Brian.Mor!
Brian.MorBrian.Mor!
Bian.Mor!
orri!
rrisian.Mo!
Brian.Mors!
hrian.Morr!
risBrian.Mor!
rris!
orris!
MorrMorr!
oria!
anBanB!
Jrian.Morris!
Ean.Morris!
BriaMo!
BrinBrin!
anB!
BrisBris!
BiMo!
BrianM!
B.Morr!
Daniel.Shelton!
notlehS.leinaD!
DANIEL.SHELTON!
daniel.Shelton!
Daniel.Shelton0!
Daniel.Shelton1!
Daniel.Shelton2!
Daniel.Shelton3!
Daniel.Shelton4!
Daniel.Shelton5!
Daniel.Shelton6!
Daniel.Shelton7!
Daniel.Shelton8!
Daniel.Shelton9!
Daniel.Shelton00!
Daniel.Shelton01!
Daniel.Shelton02!
Daniel.Shelton11!
Daniel.Shelton12!
Daniel.Shelton13!
Daniel.Shelton21!
Daniel.Shelton22!
Daniel.Shelton23!
Daniel.Shelton69!
Daniel.Shelton77!
Daniel.Shelton88!
Daniel.Shelton99!
Daniel.Shelton123!
Daniel.Sheltone!
Daniel.Sheltons!
Daniel.Sheltoa!
Daniel.Shelts!
Daniel.Shelta!
Daniel.Shelter!
Daniel.Sheltie!
Daniel.Shelo!
Daniel.Shely!
Daniel.Shel123!
Daniel.Shelman!
Daniel.Sheldog!
1Daniel.Shelton!
theDaniel.Shelton!
daniel.Shelton!
maniel.Shelton!
Daniel.Shelt0n!
Dan1el.Shelton!
Dani3l.Sh3lton!
Daiel.Shelton!
Dael.Shelton!
Danel.Shelton!
Danil.Shelton!
Dane!
Danie1!
Daniel.Shelto!
Daniel.Shelt!
Daniel.Shel!
Daniel.ShelDaniel.Shel!
Dniel.Shel!
elto!
heltonniel.S!
Daniel.Sheln!
naniel.Shelt!
tonDaniel.Shel!
lton!
elton!
helthelt!
fani!
ieDieD!
Laniel.Shelton!
Giel.Shelton!
Dani.S!
DaneDane!
ieD!
DaltDalt!
Dl.S!
Danie.!
Dl.She!
Danny.Matthews!
swehttaM.ynnaD!
DANNY.MATTHEWS!
danny.Matthews!
Danny.Matthews0!
Danny.Matthews1!
Danny.Matthews2!
Danny.Matthews3!
Danny.Matthews4!
Danny.Matthews5!
Danny.Matthews6!
Danny.Matthews7!
Danny.Matthews8!
Danny.Matthews9!
Danny.Matthews00!
Danny.Matthews01!
Danny.Matthews02!
Danny.Matthews11!
Danny.Matthews12!
Danny.Matthews13!
Danny.Matthews21!
Danny.Matthews22!
Danny.Matthews23!
Danny.Matthews69!
Danny.Matthews77!
Danny.Matthews88!
Danny.Matthews99!
Danny.Matthews123!
Danny.Matthewse!
Danny.Matthewss!
Danny.Matthewa!
Danny.Matthes!
Danny.Matthea!
Danny.Mattheer!
Danny.Mattheie!
Danny.Mattho!
Danny.Matthy!
Danny.Matth123!
Danny.Matthman!
Danny.Matthdog!
1Danny.Matthews!
theDanny.Matthews!
danny.Matthews!
manny.Matthews!
Danny.Matthews!
Danny.Matthews!
Danny.Matth3ws!
Dany.Matthews!
Day.Matthews!
Dany.Matthews!
Dann.Matthews!
Dany!
Danny1!
Danny.Matthew!
Danny.Matthe!
Danny.Matth!
Danny.MatthDanny.Matth!
Dnny.Matth!
thew!
tthewsnny.Ma!
Danny.Matths!
vanny.Matthe!
ewsDanny.Matth!
hews!
thews!
tthetthe!
zann!
nyDnyD!
Lanny.Matthews!
Gny.Matthews!
DannMa!
DanyDany!
nyD!
DaheDahe!
DhMa!
DannyM!
D.Matt!
Darryl.Harris!
sirraH.lyrraD!
DARRYL.HARRIS!
darryl.Harris!
Darryl.Harris0!
Darryl.Harris1!
Darryl.Harris2!
Darryl.Harris3!
Darryl.Harris4!
Darryl.Harris5!
Darryl.Harris6!
Darryl.Harris7!
Darryl.Harris8!
Darryl.Harris9!
Darryl.Harris00!
Darryl.Harris01!
Darryl.Harris02!
Darryl.Harris11!
Darryl.Harris12!
Darryl.Harris13!
Darryl.Harris21!
Darryl.Harris22!
Darryl.Harris23!
Darryl.Harris69!
Darryl.Harris77!
Darryl.Harris88!
Darryl.Harris99!
Darryl.Harris123!
Darryl.Harrise!
Darryl.Harriss!
Darryl.Harria!
Darryl.Harrs!
Darryl.Harra!
Darryl.Harrer!
Darryl.Harrie!
Darryl.Haro!
Darryl.Hary!
Darryl.Har123!
Darryl.Harman!
Darryl.Hardog!
1Darryl.Harris!
theDarryl.Harris!
darryl.Harris!
marryl.Harris!
Darryl.Harris!
Darryl.Harr1s!
Darryl.Harris!
Daryl.Harris!
Dayl.Harris!
Daryl.Harris!
Darrl.Harris!
Dary!
Darry1!
Darryl.Harri!
Darryl.Harr!
Darryl.Har!
Darryl.HarDarryl.Har!
Drryl.Har!
arri!
arrisrryl.H!
Darryl.Hars!
harryl.Harr!
risDarryl.Har!
rris!
arris!
HarrHarr!
zarr!
ryDryD!
Larryl.Harris!
Gryl.Harris!
Darr.H!
DaryDary!
ryD!
DariDari!
Dr.H!
Darry.!
Dl.Har!
David.Mcbride!
edirbcM.divaD!
DAVID.MCBRIDE!
david.Mcbride!
David.Mcbride0!
David.Mcbride1!
David.Mcbride2!
David.Mcbride3!
David.Mcbride4!
David.Mcbride5!
David.Mcbride6!
David.Mcbride7!
David.Mcbride8!
David.Mcbride9!
David.Mcbride00!
David.Mcbride01!
David.Mcbride02!
David.Mcbride11!
David.Mcbride12!
David.Mcbride13!
David.Mcbride21!
David.Mcbride22!
David.Mcbride23!
David.Mcbride69!
David.Mcbride77!
David.Mcbride88!
David.Mcbride99!
David.Mcbride123!
David.Mcbridee!
David.Mcbrides!
David.Mcbrida!
David.Mcbris!
David.Mcbria!
David.Mcbrier!
David.Mcbriie!
David.Mcbro!
David.Mcbry!
David.Mcbr123!
David.Mcbrman!
David.Mcbrdog!
1David.Mcbride!
theDavid.Mcbride!
david.Mcbride!
mavid.Mcbride!
David.Mcbride!
Dav1d.Mcbr1de!
David.Mcbrid3!
Daid.Mcbride!
Dad.Mcbride!
Davd.Mcbride!
Davi.Mcbride!
Davd!
David1!
David.Mcbrid!
David.Mcbri!
David.Mcbr!
David.McbrDavid.Mcbr!
Dvid.Mcbr!
brid!
bridevid.Mc!
David.Mcbre!
cavid.Mcbri!
ideDavid.Mcbr!
ride!
bride!
cbricbri!
eavi!
idDidD!
Lavid.Mcbride!
Gid.Mcbride!
DaviMc!
DavdDavd!
idD!
DaidDaid!
DiMc!
DavidM!
D.Mcbr!
David.Reed!
deeR.divaD!
DAVID.REED!
david.Reed!
David.Reed0!
David.Reed1!
David.Reed2!
David.Reed3!
David.Reed4!
David.Reed5!
David.Reed6!
David.Reed7!
David.Reed8!
David.Reed9!
David.Reed00!
David.Reed01!
David.Reed02!
David.Reed11!
David.Reed12!
David.Reed13!
David.Reed21!
David.Reed22!
David.Reed23!
David.Reed69!
David.Reed77!
David.Reed88!
David.Reed99!
David.Reed123!
David.Reede!
David.Reeds!
David.Reea!
David.Res!
David.Rea!
David.Reer!
David.Reie!
David.Ro!
David.Ry!
David.R123!
David.Rman!
David.Rdog!
1David.Reed!
theDavid.Reed!
david.Reed!
mavid.Reed!
David.Reed!
Dav1d.Reed!
David.R33d!
Daid.Reed!
Dad.Reed!
Davd.Reed!
Davi.Reed!
Davd!
David1!
David.Ree!
David.Re!
David.R!
David.RDavid.R!
Dvid.R!
/Ree!
edvid.Re!
David.Rd!
david.Re!
eedDavid.R!
Reed!
.Reed!
d.Red.Re!
eavi!
idDidD!
Lavid.Reed!
Gid.Reed!
DaviRe!
DavdDavd!
idD!
DaDaDaDa!
DdRe!
DavidR!
D.Reed!
David.Wilson!
nosliW.divaD!
DAVID.WILSON!
david.Wilson!
David.Wilson0!
David.Wilson1!
David.Wilson2!
David.Wilson3!
David.Wilson4!
David.Wilson5!
David.Wilson6!
David.Wilson7!
David.Wilson8!
David.Wilson9!
David.Wilson00!
David.Wilson01!
David.Wilson02!
David.Wilson11!
David.Wilson12!
David.Wilson13!
David.Wilson21!
David.Wilson22!
David.Wilson23!
David.Wilson69!
David.Wilson77!
David.Wilson88!
David.Wilson99!
David.Wilson123!
David.Wilsone!
David.Wilsons!
David.Wilsoa!
David.Wilss!
David.Wilsa!
David.Wilser!
David.Wilsie!
David.Wilo!
David.Wily!
David.Wil123!
David.Wilman!
David.Wildog!
1David.Wilson!
theDavid.Wilson!
david.Wilson!
mavid.Wilson!
David.Wils0n!
Dav1d.W1lson!
David.Wilson!
Daid.Wilson!
Dad.Wilson!
Davd.Wilson!
Davi.Wilson!
Davd!
David1!
David.Wilso!
David.Wils!
David.Wil!
David.WilDavid.Wil!
Dvid.Wil!
ilso!
lsonvid.Wi!
David.Wiln!
navid.Wils!
sonDavid.Wil!
lson!
ilson!
WilsWils!
eavi!
idDidD!
Lavid.Wilson!
Gid.Wilson!
DaviWi!
DavdDavd!
idD!
DaonDaon!
DoWi!
DavidW!
D.Wils!
Ian.Duncan!
nacnuD.naI!
IAN.DUNCAN!
ian.Duncan!
Ian.Duncan0!
Ian.Duncan1!
Ian.Duncan2!
Ian.Duncan3!
Ian.Duncan4!
Ian.Duncan5!
Ian.Duncan6!
Ian.Duncan7!
Ian.Duncan8!
Ian.Duncan9!
Ian.Duncan00!
Ian.Duncan01!
Ian.Duncan02!
Ian.Duncan11!
Ian.Duncan12!
Ian.Duncan13!
Ian.Duncan21!
Ian.Duncan22!
Ian.Duncan23!
Ian.Duncan69!
Ian.Duncan77!
Ian.Duncan88!
Ian.Duncan99!
Ian.Duncan123!
Ian.Duncane!
Ian.Duncans!
Ian.Duncaa!
Ian.Duncs!
Ian.Dunca!
Ian.Duncer!
Ian.Duncie!
Ian.Duno!
Ian.Duny!
Ian.Dun123!
Ian.Dunman!
Ian.Dundog!
1Ian.Duncan!
theIan.Duncan!
dan.Duncan!
man.Duncan!
Ian.Duncan!
Ian.Duncan!
Ian.Duncan!
Ia.Duncan!
IaDuncan!
IanDuncan!
Ian.uncan!
IanD!
Ian.D1!
Ian.Dunca!
Ian.Dunc!
Ian.Dun!
Ian.DunIan.Dun!
In.Dun!
vnca!
ann.Dunc!
Ian.Dunn!
`an.Dunc!
canIan.Dun!
ncan!
uncan!
DuncDunc!
Ean.!
.DI.DI!
Qan.Duncan!
L.Duncan!
Ian.nc!
IanDIanD!
.DI!
IaIaIaIa!
Innc!
Ian.Dn!
Iuncan!
Jason.Patterson!
nosrettaP.nosaJ!
JASON.PATTERSON!
jason.Patterson!
Jason.Patterson0!
Jason.Patterson1!
Jason.Patterson2!
Jason.Patterson3!
Jason.Patterson4!
Jason.Patterson5!
Jason.Patterson6!
Jason.Patterson7!
Jason.Patterson8!
Jason.Patterson9!
Jason.Patterson00!
Jason.Patterson01!
Jason.Patterson02!
Jason.Patterson11!
Jason.Patterson12!
Jason.Patterson13!
Jason.Patterson21!
Jason.Patterson22!
Jason.Patterson23!
Jason.Patterson69!
Jason.Patterson77!
Jason.Patterson88!
Jason.Patterson99!
Jason.Patterson123!
Jason.Pattersone!
Jason.Pattersons!
Jason.Pattersoa!
Jason.Patterss!
Jason.Pattersa!
Jason.Patterser!
Jason.Pattersie!
Jason.Pattero!
Jason.Pattery!
Jason.Patter123!
Jason.Patterman!
Jason.Patterdog!
1Jason.Patterson!
theJason.Patterson!
dason.Patterson!
mason.Patterson!
Jas0n.Patters0n!
Jason.Patterson!
Jason.Patt3rson!
Jaon.Patterson!
Jan.Patterson!
Jasn.Patterson!
Jaso.Patterson!
Jasn!
Jason1!
Jason.Patterso!
Jason.Patters!
Jason.Patter!
Jason.PatterJason.Patter!
Json.Patter!
erso!
ttersonson.Pa!
Jason.Pattern!
nason.Patters!
sonJason.Patter!
rson!
erson!
tersters!
oaso!
onJonJ!
Rason.Patterson!
Mon.Patterson!
JasoPa!
JasnJasn!
onJ!
JaerJaer!
JePa!
JasonP!
J.Patt!
Jason.Wright!
thgirW.nosaJ!
JASON.WRIGHT!
jason.Wright!
Jason.Wright0!
Jason.Wright1!
Jason.Wright2!
Jason.Wright3!
Jason.Wright4!
Jason.Wright5!
Jason.Wright6!
Jason.Wright7!
Jason.Wright8!
Jason.Wright9!
Jason.Wright00!
Jason.Wright01!
Jason.Wright02!
Jason.Wright11!
Jason.Wright12!
Jason.Wright13!
Jason.Wright21!
Jason.Wright22!
Jason.Wright23!
Jason.Wright69!
Jason.Wright77!
Jason.Wright88!
Jason.Wright99!
Jason.Wright123!
Jason.Wrighte!
Jason.Wrights!
Jason.Wrigha!
Jason.Wrigs!
Jason.Wriga!
Jason.Wriger!
Jason.Wrigie!
Jason.Wrio!
Jason.Wriy!
Jason.Wri123!
Jason.Wriman!
Jason.Wridog!
1Jason.Wright!
theJason.Wright!
dason.Wright!
mason.Wright!
Jas0n.Wright!
Jason.Wr1ght!
Jason.Wright!
Jaon.Wright!
Jan.Wright!
Jasn.Wright!
Jaso.Wright!
Jasn!
Jason1!
Jason.Wrigh!
Jason.Wrig!
Jason.Wri!
Jason.WriJason.Wri!
Json.Wri!
righ!
ightson.Wr!
Jason.Writ!
gason.Wrig!
ghtJason.Wri!
ight!
right!
WrigWrig!
oaso!
onJonJ!
Rason.Wright!
Mon.Wright!
JasoWr!
JasnJasn!
onJ!
JahtJaht!
JhWr!
JasonW!
J.Wrig!
Jennifer.Thomas!
samohT.refinneJ!
JENNIFER.THOMAS!
jennifer.Thomas!
Jennifer.Thomas0!
Jennifer.Thomas1!
Jennifer.Thomas2!
Jennifer.Thomas3!
Jennifer.Thomas4!
Jennifer.Thomas5!
Jennifer.Thomas6!
Jennifer.Thomas7!
Jennifer.Thomas8!
Jennifer.Thomas9!
Jennifer.Thomas00!
Jennifer.Thomas01!
Jennifer.Thomas02!
Jennifer.Thomas11!
Jennifer.Thomas12!
Jennifer.Thomas13!
Jennifer.Thomas21!
Jennifer.Thomas22!
Jennifer.Thomas23!
Jennifer.Thomas69!
Jennifer.Thomas77!
Jennifer.Thomas88!
Jennifer.Thomas99!
Jennifer.Thomas123!
Jennifer.Thomase!
Jennifer.Thomass!
Jennifer.Thomaa!
Jennifer.Thoms!
Jennifer.Thoma!
Jennifer.Thomer!
Jennifer.Thomie!
Jennifer.Thoo!
Jennifer.Thoy!
Jennifer.Tho123!
Jennifer.Thoman!
Jennifer.Thodog!
1Jennifer.Thomas!
theJennifer.Thomas!
dennifer.Thomas!
mannifer.Thomas!
Jennifer.Th0mas!
Jenn1fer.Thomas!
J3nnif3r.Thomas!
Jenifer.Thomas!
Jeifer.Thomas!
Jenifer.Thomas!
Jennfer.Thomas!
Jeni!
Jenni1!
Jennifer.Thoma!
Jennifer.Thom!
Jennifer.Tho!
Jennifer.ThoJennifer.Tho!
Jnnifer.Tho!
homa!
.Thomasnnifer!
Jennifer.Thos!
`ennifer.Thom!
masJennifer.Tho!
omas!
homas!
ThomThom!
jenn!
niJniJ!
Rennifer.Thomas!
Mnifer.Thomas!
Jenner!
JeniJeni!
niJ!
JehoJeho!
Jher!
Jennie!
Jfer.T!
Jessica.Moody!
ydooM.acisseJ!
JESSICA.MOODY!
jessica.Moody!
Jessica.Moody0!
Jessica.Moody1!
Jessica.Moody2!
Jessica.Moody3!
Jessica.Moody4!
Jessica.Moody5!
Jessica.Moody6!
Jessica.Moody7!
Jessica.Moody8!
Jessica.Moody9!
Jessica.Moody00!
Jessica.Moody01!
Jessica.Moody02!
Jessica.Moody11!
Jessica.Moody12!
Jessica.Moody13!
Jessica.Moody21!
Jessica.Moody22!
Jessica.Moody23!
Jessica.Moody69!
Jessica.Moody77!
Jessica.Moody88!
Jessica.Moody99!
Jessica.Moody123!
Jessica.Moodye!
Jessica.Moodys!
Jessica.Mooda!
Jessica.Moos!
Jessica.Mooa!
Jessica.Mooer!
Jessica.Mooie!
Jessica.Moo!
Jessica.Moy!
Jessica.Mo123!
Jessica.Moman!
Jessica.Modog!
1Jessica.Moody!
theJessica.Moody!
dessica.Moody!
massica.Moody!
Jessica.M00dy!
Jess1ca.Moody!
J3ssica.Moody!
Jesica.Moody!
Jeica.Moody!
Jesica.Moody!
Jessca.Moody!
Jesi!
Jessi1!
Jessica.Mood!
Jessica.Moo!
Jessica.Mo!
Jessica.MoJessica.Mo!
Jssica.Mo!
Mood!
Moodyssica.!
Jessica.Moy!
cessica.Moo!
odyJessica.Mo!
oody!
Moody!
.Moo.Moo!
jess!
siJsiJ!
Ressica.Moody!
Msica.Moody!
Jessa.!
JesiJesi!
siJ!
JeodJeod!
Joa.!
Jessia!
Jca.Mo!
John.Coleman!
nameloC.nhoJ!
JOHN.COLEMAN!
john.Coleman!
John.Coleman0!
John.Coleman1!
John.Coleman2!
John.Coleman3!
John.Coleman4!
John.Coleman5!
John.Coleman6!
John.Coleman7!
John.Coleman8!
John.Coleman9!
John.Coleman00!
John.Coleman01!
John.Coleman02!
John.Coleman11!
John.Coleman12!
John.Coleman13!
John.Coleman21!
John.Coleman22!
John.Coleman23!
John.Coleman69!
John.Coleman77!
John.Coleman88!
John.Coleman99!
John.Coleman123!
John.Colemane!
John.Colemans!
John.Colemaa!
John.Colems!
John.Colema!
John.Colemer!
John.Colemie!
John.Coleo!
John.Coley!
John.Cole123!
John.Coleman!
John.Coledog!
1John.Coleman!
theJohn.Coleman!
dohn.Coleman!
mahn.Coleman!
J0hn.C0leman!
John.Coleman!
John.Col3man!
Jon.Coleman!
Jo.Coleman!
Joh.Coleman!
JohnColeman!
Joh.!
John.1!
John.Colema!
John.Colem!
John.Cole!
John.ColeJohn.Cole!
Jhn.Cole!
lema!
emanhn.Col!
John.Colen!
`ohn.Colem!
manJohn.Cole!
eman!
leman!
olemolem!
/ohn!
n.Jn.J!
Rohn.Coleman!
Mn.Coleman!
Johnol!
Joh.Joh.!
n.J!
JoanJoan!
Jaol!
John.o!
JColem!
Jose.Williams!
smailliW.esoJ!
JOSE.WILLIAMS!
jose.Williams!
Jose.Williams0!
Jose.Williams1!
Jose.Williams2!
Jose.Williams3!
Jose.Williams4!
Jose.Williams5!
Jose.Williams6!
Jose.Williams7!
Jose.Williams8!
Jose.Williams9!
Jose.Williams00!
Jose.Williams01!
Jose.Williams02!
Jose.Williams11!
Jose.Williams12!
Jose.Williams13!
Jose.Williams21!
Jose.Williams22!
Jose.Williams23!
Jose.Williams69!
Jose.Williams77!
Jose.Williams88!
Jose.Williams99!
Jose.Williams123!
Jose.Williamse!
Jose.Williamss!
Jose.Williama!
Jose.Willias!
Jose.Williaa!
Jose.Williaer!
Jose.Williaie!
Jose.Willio!
Jose.Williy!
Jose.Willi123!
Jose.Williman!
Jose.Willidog!
1Jose.Williams!
theJose.Williams!
dose.Williams!
mase.Williams!
J0se.Williams!
Jose.W1ll1ams!
Jos3.Williams!
Joe.Williams!
Jo.Williams!
Jos.Williams!
JoseWilliams!
Jos.!
Jose.1!
Jose.William!
Jose.Willia!
Jose.Willi!
Jose.WilliJose.Willi!
Jse.Willi!
liam!
liamsse.Wil!
Jose.Willis!
lose.Willia!
amsJose.Willi!
iams!
liams!
lliallia!
/ose!
e.Je.J!
Rose.Williams!
Me.Williams!
Joseil!
Jos.Jos.!
e.J!
JoamJoam!
Jail!
Jose.i!
JWilli!
Kaitlyn.Zimmerman!
namremmiZ.nyltiaK!
KAITLYN.ZIMMERMAN!
kaitlyn.Zimmerman!
Kaitlyn.Zimmerman0!
Kaitlyn.Zimmerman1!
Kaitlyn.Zimmerman2!
Kaitlyn.Zimmerman3!
Kaitlyn.Zimmerman4!
Kaitlyn.Zimmerman5!
Kaitlyn.Zimmerman6!
Kaitlyn.Zimmerman7!
Kaitlyn.Zimmerman8!
Kaitlyn.Zimmerman9!
Kaitlyn.Zimmerman00!
Kaitlyn.Zimmerman01!
Kaitlyn.Zimmerman02!
Kaitlyn.Zimmerman11!
Kaitlyn.Zimmerman12!
Kaitlyn.Zimmerman13!
Kaitlyn.Zimmerman21!
Kaitlyn.Zimmerman22!
Kaitlyn.Zimmerman23!
Kaitlyn.Zimmerman69!
Kaitlyn.Zimmerman77!
Kaitlyn.Zimmerman88!
Kaitlyn.Zimmerman99!
Kaitlyn.Zimmerman123!
Kaitlyn.Zimmermane!
Kaitlyn.Zimmermans!
Kaitlyn.Zimmermaa!
Kaitlyn.Zimmerms!
Kaitlyn.Zimmerma!
Kaitlyn.Zimmermer!
Kaitlyn.Zimmermie!
Kaitlyn.Zimmero!
Kaitlyn.Zimmery!
Kaitlyn.Zimmer123!
Kaitlyn.Zimmerman!
Kaitlyn.Zimmerdog!
1Kaitlyn.Zimmerman!
theKaitlyn.Zimmerman!
daitlyn.Zimmerman!
maitlyn.Zimmerman!
Kaitlyn.Zimmerman!
Ka1tlyn.Z1mmerman!
Kaitlyn.Zimm3rman!
Katlyn.Zimmerman!
Kalyn.Zimmerman!
Kailyn.Zimmerman!
Kaityn.Zimmerman!
Kail!
Kaitl1!
Kaitlyn.Zimmerma!
Kaitlyn.Zimmerm!
Kaitlyn.Zimmer!
Kaitlyn.ZimmerKaitlyn.Zimmer!
Kitlyn.Zimmer!
erma!
Zimmermanitlyn.!
Kaitlyn.Zimmern!
`aitlyn.Zimmerm!
manKaitlyn.Zimmer!
rman!
erman!
mermmerm!
mait!
tlKtlK!
Saitlyn.Zimmerman!
Ntlyn.Zimmerman!
Kaitn.!
KailKail!
tlK!
KammKamm!
Kmn.!
Kaitln!
Kyn.Zi!
Kelly.Long!
gnoL.ylleK!
KELLY.LONG!
kelly.Long!
Kelly.Long0!
Kelly.Long1!
Kelly.Long2!
Kelly.Long3!
Kelly.Long4!
Kelly.Long5!
Kelly.Long6!
Kelly.Long7!
Kelly.Long8!
Kelly.Long9!
Kelly.Long00!
Kelly.Long01!
Kelly.Long02!
Kelly.Long11!
Kelly.Long12!
Kelly.Long13!
Kelly.Long21!
Kelly.Long22!
Kelly.Long23!
Kelly.Long69!
Kelly.Long77!
Kelly.Long88!
Kelly.Long99!
Kelly.Long123!
Kelly.Longe!
Kelly.Longs!
Kelly.Lona!
Kelly.Los!
Kelly.Loa!
Kelly.Loer!
Kelly.Loie!
Kelly.Lo!
Kelly.Ly!
Kelly.L123!
Kelly.Lman!
Kelly.Ldog!
1Kelly.Long!
theKelly.Long!
delly.Long!
mally.Long!
Kelly.L0ng!
Kelly.Long!
K3lly.Long!
Kely.Long!
Key.Long!
Kely.Long!
Kell.Long!
Kely!
Kelly1!
Kelly.Lon!
Kelly.Lo!
Kelly.L!
Kelly.LKelly.L!
Klly.L!
/Lon!
nglly.Lo!
Kelly.Lg!
melly.Lo!
ongKelly.L!
Long!
.Long!
y.Loy.Lo!
zell!
lyKlyK!
Selly.Long!
Nly.Long!
KellLo!
KelyKely!
lyK!
KeKeKeKe!
KgLo!
KellyL!
K.Long!
Nicole.Brock!
kcorB.elociN!
NICOLE.BROCK!
nicole.Brock!
Nicole.Brock0!
Nicole.Brock1!
Nicole.Brock2!
Nicole.Brock3!
Nicole.Brock4!
Nicole.Brock5!
Nicole.Brock6!
Nicole.Brock7!
Nicole.Brock8!
Nicole.Brock9!
Nicole.Brock00!
Nicole.Brock01!
Nicole.Brock02!
Nicole.Brock11!
Nicole.Brock12!
Nicole.Brock13!
Nicole.Brock21!
Nicole.Brock22!
Nicole.Brock23!
Nicole.Brock69!
Nicole.Brock77!
Nicole.Brock88!
Nicole.Brock99!
Nicole.Brock123!
Nicole.Brocke!
Nicole.Brocks!
Nicole.Broca!
Nicole.Bros!
Nicole.Broa!
Nicole.Broer!
Nicole.Broie!
Nicole.Bro!
Nicole.Bry!
Nicole.Br123!
Nicole.Brman!
Nicole.Brdog!
1Nicole.Brock!
theNicole.Brock!
dicole.Brock!
macole.Brock!
Nic0le.Br0ck!
N1cole.Brock!
Nicol3.Brock!
Niole.Brock!
Nile.Brock!
Nicle.Brock!
Nicoe.Brock!
Nicl!
Nicol1!
Nicole.Broc!
Nicole.Bro!
Nicole.Br!
Nicole.BrNicole.Br!
Ncole.Br!
Broc!
rockcole.B!
Nicole.Brk!
bicole.Bro!
ockNicole.Br!
rock!
Brock!
.Bro.Bro!
mico!
olNolN!
Vicole.Brock!
Qole.Brock!
Nico.B!
NiclNicl!
olN!
NickNick!
Nc.B!
Nicol.!
Ne.Bro!
Richard.Williams!
smailliW.drahciR!
RICHARD.WILLIAMS!
richard.Williams!
Richard.Williams0!
Richard.Williams1!
Richard.Williams2!
Richard.Williams3!
Richard.Williams4!
Richard.Williams5!
Richard.Williams6!
Richard.Williams7!
Richard.Williams8!
Richard.Williams9!
Richard.Williams00!
Richard.Williams01!
Richard.Williams02!
Richard.Williams11!
Richard.Williams12!
Richard.Williams13!
Richard.Williams21!
Richard.Williams22!
Richard.Williams23!
Richard.Williams69!
Richard.Williams77!
Richard.Williams88!
Richard.Williams99!
Richard.Williams123!
Richard.Williamse!
Richard.Williamss!
Richard.Williama!
Richard.Willias!
Richard.Williaa!
Richard.Williaer!
Richard.Williaie!
Richard.Willio!
Richard.Williy!
Richard.Willi123!
Richard.Williman!
Richard.Willidog!
1Richard.Williams!
theRichard.Williams!
dichard.Williams!
machard.Williams!
Richard.Williams!
R1chard.W1ll1ams!
Richard.Williams!
Rihard.Williams!
Riard.Williams!
Ricard.Williams!
Richrd.Williams!
Rica!
Richa1!
Richard.William!
Richard.Willia!
Richard.Willi!
Richard.WilliRichard.Willi!
Rchard.Willi!
liam!
Williamschard.!
Richard.Willis!
lichard.Willia!
amsRichard.Willi!
iams!
liams!
lliallia!
bich!
haRhaR!
Zichard.Williams!
Uhard.Williams!
Richd.!
RicaRica!
haR!
RillRill!
Rld.!
Richad!
Rrd.Wi!
Samuel.Richardson!
nosdrahciR.leumaS!
SAMUEL.RICHARDSON!
samuel.Richardson!
Samuel.Richardson0!
Samuel.Richardson1!
Samuel.Richardson2!
Samuel.Richardson3!
Samuel.Richardson4!
Samuel.Richardson5!
Samuel.Richardson6!
Samuel.Richardson7!
Samuel.Richardson8!
Samuel.Richardson9!
Samuel.Richardson00!
Samuel.Richardson01!
Samuel.Richardson02!
Samuel.Richardson11!
Samuel.Richardson12!
Samuel.Richardson13!
Samuel.Richardson21!
Samuel.Richardson22!
Samuel.Richardson23!
Samuel.Richardson69!
Samuel.Richardson77!
Samuel.Richardson88!
Samuel.Richardson99!
Samuel.Richardson123!
Samuel.Richardsone!
Samuel.Richardsons!
Samuel.Richardsoa!
Samuel.Richardss!
Samuel.Richardsa!
Samuel.Richardser!
Samuel.Richardsie!
Samuel.Richardo!
Samuel.Richardy!
Samuel.Richard123!
Samuel.Richardman!
Samuel.Richarddog!
1Samuel.Richardson!
theSamuel.Richardson!
damuel.Richardson!
mamuel.Richardson!
Samuel.Richards0n!
Samuel.R1chardson!
Samu3l.Richardson!
Sauel.Richardson!
Sael.Richardson!
Samel.Richardson!
Samul.Richardson!
Same!
Samue1!
Samuel.Richardso!
Samuel.Richards!
Samuel.Richard!
Samuel.RichardSamuel.Richard!
Smuel.Richard!
rdso!
ichardsonmuel.R!
Samuel.Richardn!
namuel.Richards!
sonSamuel.Richard!
dson!
rdson!
ardsards!
famu!
ueSueS!
[amuel.Richardson!
Vuel.Richardson!
Samu.R!
SameSame!
ueS!
SahaSaha!
Sh.R!
Samue.!
Sl.Ric!
Scott.Scott!
ttocS.ttocS!
SCOTT.SCOTT!
scott.Scott!
Scott.Scott0!
Scott.Scott1!
Scott.Scott2!
Scott.Scott3!
Scott.Scott4!
Scott.Scott5!
Scott.Scott6!
Scott.Scott7!
Scott.Scott8!
Scott.Scott9!
Scott.Scott00!
Scott.Scott01!
Scott.Scott02!
Scott.Scott11!
Scott.Scott12!
Scott.Scott13!
Scott.Scott21!
Scott.Scott22!
Scott.Scott23!
Scott.Scott69!
Scott.Scott77!
Scott.Scott88!
Scott.Scott99!
Scott.Scott123!
Scott.Scotte!
Scott.Scotts!
Scott.Scota!
Scott.Scos!
Scott.Scoa!
Scott.Scoer!
Scott.Scoie!
Scott.Sco!
Scott.Scy!
Scott.Sc123!
Scott.Scman!
Scott.Scdog!
1Scott.Scott!
theScott.Scott!
dcott.Scott!
maott.Scott!
Sc0tt.Sc0tt!
Scott.Scott!
Scott.Scott!
Sctt.Scott!
Sct.Scott!
Scot.Scott!
Scot.Scott!
Scot!
Scott1!
Scott.Scot!
Scott.Sco!
Scott.Sc!
Scott.ScScott.Sc!
Sott.Sc!
Scot!
ottott.Sc!
Scott.Sct!
scott.Sco!
ottScott.Sc!
cott!
Scott!
.Sco.Sco!
ucot!
ttSttS!
[cott.Scott!
Vtt.Scott!
ScotSc!
ScotScot!
ttS!
SctSSctS!
StSc!
ScottS!
S.Scot!
Stephanie.Young!
gnuoY.einahpetS!
STEPHANIE.YOUNG!
stephanie.Young!
Stephanie.Young0!
Stephanie.Young1!
Stephanie.Young2!
Stephanie.Young3!
Stephanie.Young4!
Stephanie.Young5!
Stephanie.Young6!
Stephanie.Young7!
Stephanie.Young8!
Stephanie.Young9!
Stephanie.Young00!
Stephanie.Young01!
Stephanie.Young02!
Stephanie.Young11!
Stephanie.Young12!
Stephanie.Young13!
Stephanie.Young21!
Stephanie.Young22!
Stephanie.Young23!
Stephanie.Young69!
Stephanie.Young77!
Stephanie.Young88!
Stephanie.Young99!
Stephanie.Young123!
Stephanie.Younge!
Stephanie.Youngs!
Stephanie.Youna!
Stephanie.Yous!
Stephanie.Youa!
Stephanie.Youer!
Stephanie.Youie!
Stephanie.Yoo!
Stephanie.Yoy!
Stephanie.Yo123!
Stephanie.Yoman!
Stephanie.Yodog!
1Stephanie.Young!
theStephanie.Young!
dtephanie.Young!
maephanie.Young!
Stephanie.Y0ung!
Stephan1e.Young!
St3phani3.Young!
Stphanie.Young!
Sthanie.Young!
Stehanie.Young!
Stepanie.Young!
Steh!
Steph1!
Stephanie.Youn!
Stephanie.You!
Stephanie.Yo!
Stephanie.YoStephanie.Yo!
Sephanie.Yo!
Youn!
e.Youngephani!
Stephanie.Yog!
mtephanie.You!
ungStephanie.Yo!
oung!
Young!
.You.You!
itep!
phSphS!
[tephanie.Young!
Vphanie.Young!
Stepni!
StehSteh!
phS!
StYoStYo!
SYni!
Stephn!
Sanie.!
Teresa.Williamson!
nosmailliW.asereT!
TERESA.WILLIAMSON!
teresa.Williamson!
Teresa.Williamson0!
Teresa.Williamson1!
Teresa.Williamson2!
Teresa.Williamson3!
Teresa.Williamson4!
Teresa.Williamson5!
Teresa.Williamson6!
Teresa.Williamson7!
Teresa.Williamson8!
Teresa.Williamson9!
Teresa.Williamson00!
Teresa.Williamson01!
Teresa.Williamson02!
Teresa.Williamson11!
Teresa.Williamson12!
Teresa.Williamson13!
Teresa.Williamson21!
Teresa.Williamson22!
Teresa.Williamson23!
Teresa.Williamson69!
Teresa.Williamson77!
Teresa.Williamson88!
Teresa.Williamson99!
Teresa.Williamson123!
Teresa.Williamsone!
Teresa.Williamsons!
Teresa.Williamsoa!
Teresa.Williamss!
Teresa.Williamsa!
Teresa.Williamser!
Teresa.Williamsie!
Teresa.Williamo!
Teresa.Williamy!
Teresa.William123!
Teresa.Williamman!
Teresa.Williamdog!
1Teresa.Williamson!
theTeresa.Williamson!
deresa.Williamson!
maresa.Williamson!
Teresa.Williams0n!
Teresa.W1ll1amson!
T3r3sa.Williamson!
Teesa.Williamson!
Tesa.Williamson!
Tersa.Williamson!
Terea.Williamson!
Ters!
Teres1!
Teresa.Williamso!
Teresa.Williams!
Teresa.William!
Teresa.WilliamTeresa.William!
Tresa.William!
amso!
illiamsonresa.W!
Teresa.Williamn!
neresa.Williams!
sonTeresa.William!
mson!
amson!
iamsiams!
tere!
esTesT!
\eresa.Williamson!
Wesa.Williamson!
Tere.W!
TersTers!
esT!
TeliTeli!
Tl.W!
Teres.!
Ta.Wil!
Thomas.Hall!
llaH.samohT!
THOMAS.HALL!
thomas.Hall!
Thomas.Hall0!
Thomas.Hall1!
Thomas.Hall2!
Thomas.Hall3!
Thomas.Hall4!
Thomas.Hall5!
Thomas.Hall6!
Thomas.Hall7!
Thomas.Hall8!
Thomas.Hall9!
Thomas.Hall00!
Thomas.Hall01!
Thomas.Hall02!
Thomas.Hall11!
Thomas.Hall12!
Thomas.Hall13!
Thomas.Hall21!
Thomas.Hall22!
Thomas.Hall23!
Thomas.Hall69!
Thomas.Hall77!
Thomas.Hall88!
Thomas.Hall99!
Thomas.Hall123!
Thomas.Halle!
Thomas.Halls!
Thomas.Hala!
Thomas.Has!
Thomas.Haa!
Thomas.Haer!
Thomas.Haie!
Thomas.Ho!
Thomas.Hy!
Thomas.H123!
Thomas.Hman!
Thomas.Hdog!
1Thomas.Hall!
theThomas.Hall!
dhomas.Hall!
maomas.Hall!
Th0mas.Hall!
Thomas.Hall!
Thomas.Hall!
Thmas.Hall!
Thas.Hall!
Thoas.Hall!
Thoms.Hall!
Thoa!
Thoma1!
Thomas.Hal!
Thomas.Ha!
Thomas.H!
Thomas.HThomas.H!
Tomas.H!
.Hal!
allomas.H!
Thomas.Hl!
khomas.Ha!
allThomas.H!
Hall!
.Hall!
s.Has.Ha!
bhom!
maTmaT!
\homas.Hall!
Wmas.Hall!
Thom.H!
ThoaThoa!
maT!
ThlTThlT!
Tl.H!
Thoma.!
Ts.Hal!
Thomas.Valenzuela!
aleuznelaV.samohT!
THOMAS.VALENZUELA!
thomas.Valenzuela!
Thomas.Valenzuela0!
Thomas.Valenzuela1!
Thomas.Valenzuela2!
Thomas.Valenzuela3!
Thomas.Valenzuela4!
Thomas.Valenzuela5!
Thomas.Valenzuela6!
Thomas.Valenzuela7!
Thomas.Valenzuela8!
Thomas.Valenzuela9!
Thomas.Valenzuela00!
Thomas.Valenzuela01!
Thomas.Valenzuela02!
Thomas.Valenzuela11!
Thomas.Valenzuela12!
Thomas.Valenzuela13!
Thomas.Valenzuela21!
Thomas.Valenzuela22!
Thomas.Valenzuela23!
Thomas.Valenzuela69!
Thomas.Valenzuela77!
Thomas.Valenzuela88!
Thomas.Valenzuela99!
Thomas.Valenzuela123!
Thomas.Valenzuelae!
Thomas.Valenzuelas!
Thomas.Valenzuela!
Thomas.Valenzues!
Thomas.Valenzuea!
Thomas.Valenzueer!
Thomas.Valenzueie!
Thomas.Valenzuo!
Thomas.Valenzuy!
Thomas.Valenzu123!
Thomas.Valenzuman!
Thomas.Valenzudog!
1Thomas.Valenzuela!
theThomas.Valenzuela!
dhomas.Valenzuela!
maomas.Valenzuela!
Th0mas.Valenzuela!
Thomas.Valenzuela!
Thomas.Val3nzu3la!
Thmas.Valenzuela!
Thas.Valenzuela!
Thoas.Valenzuela!
Thoms.Valenzuela!
Thoa!
Thoma1!
Thomas.Valenzuel!
Thomas.Valenzue!
Thomas.Valenzu!
Thomas.ValenzuThomas.Valenzu!
Tomas.Valenzu!
zuel!
alenzuelaomas.V!
Thomas.Valenzua!
khomas.Valenzue!
elaThomas.Valenzu!
uela!
zuela!
nzuenzue!
bhom!
maTmaT!
\homas.Valenzuela!
Wmas.Valenzuela!
Thom.V!
ThoaThoa!
maT!
ThenThen!
Te.V!
Thoma.!
Ts.Val!
Tiffany.Molina!
aniloM.ynaffiT!
TIFFANY.MOLINA!
tiffany.Molina!
Tiffany.Molina0!
Tiffany.Molina1!
Tiffany.Molina2!
Tiffany.Molina3!
Tiffany.Molina4!
Tiffany.Molina5!
Tiffany.Molina6!
Tiffany.Molina7!
Tiffany.Molina8!
Tiffany.Molina9!
Tiffany.Molina00!
Tiffany.Molina01!
Tiffany.Molina02!
Tiffany.Molina11!
Tiffany.Molina12!
Tiffany.Molina13!
Tiffany.Molina21!
Tiffany.Molina22!
Tiffany.Molina23!
Tiffany.Molina69!
Tiffany.Molina77!
Tiffany.Molina88!
Tiffany.Molina99!
Tiffany.Molina123!
Tiffany.Molinae!
Tiffany.Molinas!
Tiffany.Molina!
Tiffany.Molis!
Tiffany.Molia!
Tiffany.Molier!
Tiffany.Moliie!
Tiffany.Molo!
Tiffany.Moly!
Tiffany.Mol123!
Tiffany.Molman!
Tiffany.Moldog!
1Tiffany.Molina!
theTiffany.Molina!
diffany.Molina!
maffany.Molina!
Tiffany.M0lina!
T1ffany.Mol1na!
Tiffany.Molina!
Tifany.Molina!
Tiany.Molina!
Tifany.Molina!
Tiffny.Molina!
Tifa!
Tiffa1!
Tiffany.Molin!
Tiffany.Moli!
Tiffany.Mol!
Tiffany.MolTiffany.Mol!
Tffany.Mol!
olin!
Molinaffany.!
Tiffany.Mola!
miffany.Moli!
inaTiffany.Mol!
lina!
olina!
MoliMoli!
biff!
faTfaT!
\iffany.Molina!
Wfany.Molina!
Tiffy.!
TifaTifa!
faT!
TiliTili!
Tly.!
Tiffay!
Tny.Mo!
Travis.Evans!
snavE.sivarT!
TRAVIS.EVANS!
travis.Evans!
Travis.Evans0!
Travis.Evans1!
Travis.Evans2!
Travis.Evans3!
Travis.Evans4!
Travis.Evans5!
Travis.Evans6!
Travis.Evans7!
Travis.Evans8!
Travis.Evans9!
Travis.Evans00!
Travis.Evans01!
Travis.Evans02!
Travis.Evans11!
Travis.Evans12!
Travis.Evans13!
Travis.Evans21!
Travis.Evans22!
Travis.Evans23!
Travis.Evans69!
Travis.Evans77!
Travis.Evans88!
Travis.Evans99!
Travis.Evans123!
Travis.Evanse!
Travis.Evanss!
Travis.Evana!
Travis.Evas!
Travis.Evaa!
Travis.Evaer!
Travis.Evaie!
Travis.Evo!
Travis.Evy!
Travis.Ev123!
Travis.Evman!
Travis.Evdog!
1Travis.Evans!
theTravis.Evans!
dravis.Evans!
maavis.Evans!
Travis.Evans!
Trav1s.Evans!
Travis.Evans!
Trvis.Evans!
Tris.Evans!
Trais.Evans!
Travs.Evans!
Trai!
Travi1!
Travis.Evan!
Travis.Eva!
Travis.Ev!
Travis.EvTravis.Ev!
Tavis.Ev!
Evan!
vansavis.E!
Travis.Evs!
mravis.Eva!
ansTravis.Ev!
vans!
Evans!
.Eva.Eva!
jrav!
viTviT!
\ravis.Evans!
Wvis.Evans!
Trav.E!
TraiTrai!
viT!
TrnsTrns!
Tn.E!
Travi.!
Ts.Eva!
Veronica.Patel!
letaP.acinoreV!
VERONICA.PATEL!
veronica.Patel!
Veronica.Patel0!
Veronica.Patel1!
Veronica.Patel2!
Veronica.Patel3!
Veronica.Patel4!
Veronica.Patel5!
Veronica.Patel6!
Veronica.Patel7!
Veronica.Patel8!
Veronica.Patel9!
Veronica.Patel00!
Veronica.Patel01!
Veronica.Patel02!
Veronica.Patel11!
Veronica.Patel12!
Veronica.Patel13!
Veronica.Patel21!
Veronica.Patel22!
Veronica.Patel23!
Veronica.Patel69!
Veronica.Patel77!
Veronica.Patel88!
Veronica.Patel99!
Veronica.Patel123!
Veronica.Patele!
Veronica.Patels!
Veronica.Patea!
Veronica.Pats!
Veronica.Pata!
Veronica.Pater!
Veronica.Patie!
Veronica.Pao!
Veronica.Pay!
Veronica.Pa123!
Veronica.Paman!
Veronica.Padog!
1Veronica.Patel!
theVeronica.Patel!
deronica.Patel!
maronica.Patel!
Ver0nica.Patel!
Veron1ca.Patel!
V3ronica.Pat3l!
Veonica.Patel!
Venica.Patel!
Vernica.Patel!
Veroica.Patel!
Vern!
Veron1!
Veronica.Pate!
Veronica.Pat!
Veronica.Pa!
Veronica.PaVeronica.Pa!
Vronica.Pa!
Pate!
.Patelronica!
Veronica.Pal!
deronica.Pat!
telVeronica.Pa!
atel!
Patel!
.Pat.Pat!
oero!
onVonV!
^eronica.Patel!
Yonica.Patel!
Veroca!
VernVern!
onV!
VeatVeat!
Vaca!
Veronc!
Vica.P!
William.Lee!
eeL.mailliW!
WILLIAM.LEE!
william.Lee!
William.Lee0!
William.Lee1!
William.Lee2!
William.Lee3!
William.Lee4!
William.Lee5!
William.Lee6!
William.Lee7!
William.Lee8!
William.Lee9!
William.Lee00!
William.Lee01!
William.Lee02!
William.Lee11!
William.Lee12!
William.Lee13!
William.Lee21!
William.Lee22!
William.Lee23!
William.Lee69!
William.Lee77!
William.Lee88!
William.Lee99!
William.Lee123!
William.Leee!
William.Lees!
William.Lea!
William.Ls!
William.La!
William.Ler!
William.Lie!
William.o!
William.y!
William.123!
William.man!
William.dog!
1William.Lee!
theWilliam.Lee!
dilliam.Lee!
malliam.Lee!
William.Lee!
W1ll1am.Lee!
William.L33!
Wiliam.Lee!
Wiiam.Lee!
Wiliam.Lee!
Willam.Lee!
Wili!
Willi1!
William.Le!
William.L!
William.!
William.William.!
Wlliam.!
m.Le!
Leelliam.!
William.e!
dilliam.L!
LeeWilliam.!
.Lee!
m.Lee!
am.Lam.L!
jill!
liWliW!
_illiam.Lee!
Zliam.Lee!
Willm.!
WiliWili!
liW!
WieWWieW!
Wem.!
Willim!
Wam.Le!
