william
lee
scott
scott
jason
wright
veronica
patel
jennifer
thomas
danny
matthews
david
reed
stephanie
young
daniel
shelton
jose
williams
john
coleman
jason
wright
jose
williams
daniel
shelton
brian
morris
jennifer
thomas
thomas
valenzuela
travis
evans
samuel
richardson
richard
williams
david
mcbride
jose
williams
john
coleman
william
lee
anita
roberts
brian
baker
jose
williams
david
mcbride
kelly
long
john
coleman
jose
williams
nicole
brock
thomas
valenzuela
david
reed
kaitlyn
zimmerman
jason
patterson
thomas
valenzuela
david
mcbride
darryl
harris
william
lee
stephanie
young
david
reed
nicole
brock
david
mcbride
william
lee
stephanie
young
john
coleman
david
wilson
scott
scott
teresa
williamson
john
coleman
veronica
patel
john
coleman
samuel
richardson
ian
duncan
nicole
brock
william
lee
jason
wright
travis
evans
david
mcbride
jessica
moody
ian
duncan
jason
wright
richard
williams
tiffany
molina
jose
williams
jessica
moody
brian
baker
anita
roberts
teresa
williamson
kaitlyn
zimmerman
jose
williams
stephanie
young
samuel
richardson
tiffany
molina
ian
duncan
kelly
long
travis
evans
ian
duncan
jose
williams
david
wilson
thomas
hall
ian
duncan
jason
patterson
William.Lee
Scott.Scott
Jason.Wright
Veronica.Patel
Jennifer.Thomas
Danny.Matthews
David.Reed
Stephanie.Young
Daniel.Shelton
Jose.Williams
John.Coleman
Jason.Wright
Jose.Williams
Daniel.Shelton
Brian.Morris
Jennifer.Thomas
Thomas.Valenzuela
Travis.Evans
Samuel.Richardson
Richard.Williams
David.Mcbride
Jose.Williams
John.Coleman
William.Lee
Anita.Roberts
Brian.Baker
Jose.Williams
David.Mcbride
Kelly.Long
John.Coleman
Jose.Williams
Nicole.Brock
Thomas.Valenzuela
David.Reed
Kaitlyn.Zimmerman
Jason.Patterson
Thomas.Valenzuela
David.Mcbride
Darryl.Harris
William.Lee
Stephanie.Young
David.Reed
Nicole.Brock
David.Mcbride
William.Lee
Stephanie.Young
John.Coleman
David.Wilson
Scott.Scott
Teresa.Williamson
John.Coleman
Veronica.Patel
John.Coleman
Samuel.Richardson
Ian.Duncan
Nicole.Brock
William.Lee
Jason.Wright
Travis.Evans
David.Mcbride
Jessica.Moody
Ian.Duncan
Jason.Wright
Richard.Williams
Tiffany.Molina
Jose.Williams
Jessica.Moody
Brian.Baker
Anita.Roberts
Teresa.Williamson
Kaitlyn.Zimmerman
Jose.Williams
Stephanie.Young
Samuel.Richardson
Tiffany.Molina
Ian.Duncan
Kelly.Long
Travis.Evans
Ian.Duncan
Jose.Williams
David.Wilson
Thomas.Hall
Ian.Duncan
Jason.Patterson
