Scott.Scott
William.Lee
John.Coleman
Daniel.Shelton
Jose.Williams
Veronica.Patel
Stephanie.Young
Danny.Matthews
Jason.Wright
David.Reed
Jennifer.Thomas
Jason.Wright
Travis.Evans
Jennifer.Thomas
Thomas.Valenzuela
Daniel.Shelton
Brian.Morris
David.Mcbride
Richard.Williams
Samuel.Richardson
Jose.Williams
John.Coleman
William.Lee
Jose.Williams
Anita.Roberts
Jose.Williams
Brian.Baker
Jose.Williams
David.Mcbride
John.Coleman
Kelly.Long
Nicole.Brock
Kaitlyn.Zimmerman
David.Reed
Thomas.Valenzuela
Jason.Patterson
David.Reed
William.Lee
Darryl.Harris
David.Mcbride
Thomas.Valenzuela
Stephanie.Young
David.Wilson
Stephanie.Young
Nicole.Brock
David.Mcbride
William.Lee
John.Coleman
Scott.Scott
John.Coleman
Teresa.Williamson
Nicole.Brock
Veronica.Patel
Ian.Duncan
Samuel.Richardson
John.Coleman
William.Lee
Ian.Duncan
Jessica.Moody
David.Mcbride
Jason.Wright
Travis.Evans
Jose.Williams
Jason.Wright
Tiffany.Molina
Richard.Williams
Anita.Roberts
Jessica.Moody
Kaitlyn.Zimmerman
Teresa.Williamson
Jose.Williams
Brian.Baker
Travis.Evans
Ian.Duncan
Tiffany.Molina
Samuel.Richardson
Ian.Duncan
Jose.Williams
David.Wilson
Stephanie.Young
Kelly.Long
Ian.Duncan
Jason.Patterson
Thomas.Hall
