Nicole.Brock
David.Reed
Jose.Williams
David.Wilson
Daniel.Shelton
Danny.Matthews
David.Mcbride
Nicole.Brock
John.Coleman
Jason.Wright
Richard.Williams
John.Coleman
Jose.Williams
Jessica.Moody
Kaitlyn.Zimmerman
Jose.Williams
Scott.Scott
Kelly.Long
Anita.Roberts
Veronica.Patel
David.Wilson
Stephanie.Young
Thomas.Hall
Travis.Evans
William.Lee
Ian.Duncan
Darryl.Harris
Ian.Duncan
Teresa.Williamson
Brian.Baker
Richard.Williams
Jose.Williams
Jennifer.Thomas
David.Mcbride
Daniel.Shelton
Stephanie.Young
Jason.Patterson
John.Coleman
Scott.Scott
William.Lee
Jennifer.Thomas
Ian.Duncan
Travis.Evans
Jose.Williams
Brian.Morris
Samuel.Richardson
David.Reed
William.Lee
Kaitlyn.Zimmerman
Travis.Evans
Nicole.Brock
William.Lee
Anita.Roberts
Thomas.Valenzuela
Samuel.Richardson
Ian.Duncan
Jose.Williams
Travis.Evans
Stephanie.Young
David.Mcbride
David.Mcbride
Ian.Duncan
Jason.Patterson
Jason.Wright
John.Coleman
Thomas.Valenzuela
Stephanie.Young
Kelly.Long
Ian.Duncan
William.Lee
Jessica.Moody
Jason.Wright
Jason.Wright
Richard.Williams
Teresa.Williamson
Travis.Evans
Veronica.Patel
Brian.Baker
Kelly.Long
Danny.Matthews
Jose.Williams
David.Mcbride
Anita.Roberts
Kaitlyn.Zimmerman
Tiffany.Molina
Thomas.Valenzuela
David.Reed
Veronica.Patel
David.Reed
Tiffany.Molina
Samuel.Richardson
John.Coleman
Thomas.Valenzuela
Jose.Williams
Stephanie.Young
Jessica.Moody
Jose.Williams
Stephanie.Young
John.Coleman
